Archive member included to satisfy reference by file (symbol)

c:/program files (x86)/atmel/studio/7.0/toolchain/avr8/avr8-gnu-toolchain/bin/../lib/gcc/avr/5.4.0/../../../../avr/lib/avr5\libm.a(floatsisf.o)
                              src/MPU9250/mpu9250.o (__floatsisf)
c:/program files (x86)/atmel/studio/7.0/toolchain/avr8/avr8-gnu-toolchain/bin/../lib/gcc/avr/5.4.0/../../../../avr/lib/avr5\libm.a(mulsf3.o)
                              src/MPU9250/mpu9250.o (__mulsf3)
c:/program files (x86)/atmel/studio/7.0/toolchain/avr8/avr8-gnu-toolchain/bin/../lib/gcc/avr/5.4.0/../../../../avr/lib/avr5\libm.a(mulsf3x.o)
                              c:/program files (x86)/atmel/studio/7.0/toolchain/avr8/avr8-gnu-toolchain/bin/../lib/gcc/avr/5.4.0/../../../../avr/lib/avr5\libm.a(mulsf3.o) (__mulsf3x)
c:/program files (x86)/atmel/studio/7.0/toolchain/avr8/avr8-gnu-toolchain/bin/../lib/gcc/avr/5.4.0/../../../../avr/lib/avr5\libm.a(fp_inf.o)
                              c:/program files (x86)/atmel/studio/7.0/toolchain/avr8/avr8-gnu-toolchain/bin/../lib/gcc/avr/5.4.0/../../../../avr/lib/avr5\libm.a(mulsf3x.o) (__fp_inf)
c:/program files (x86)/atmel/studio/7.0/toolchain/avr8/avr8-gnu-toolchain/bin/../lib/gcc/avr/5.4.0/../../../../avr/lib/avr5\libm.a(fp_nan.o)
                              c:/program files (x86)/atmel/studio/7.0/toolchain/avr8/avr8-gnu-toolchain/bin/../lib/gcc/avr/5.4.0/../../../../avr/lib/avr5\libm.a(mulsf3x.o) (__fp_nan)
c:/program files (x86)/atmel/studio/7.0/toolchain/avr8/avr8-gnu-toolchain/bin/../lib/gcc/avr/5.4.0/../../../../avr/lib/avr5\libm.a(fp_pscA.o)
                              c:/program files (x86)/atmel/studio/7.0/toolchain/avr8/avr8-gnu-toolchain/bin/../lib/gcc/avr/5.4.0/../../../../avr/lib/avr5\libm.a(mulsf3x.o) (__fp_pscA)
c:/program files (x86)/atmel/studio/7.0/toolchain/avr8/avr8-gnu-toolchain/bin/../lib/gcc/avr/5.4.0/../../../../avr/lib/avr5\libm.a(fp_pscB.o)
                              c:/program files (x86)/atmel/studio/7.0/toolchain/avr8/avr8-gnu-toolchain/bin/../lib/gcc/avr/5.4.0/../../../../avr/lib/avr5\libm.a(mulsf3x.o) (__fp_pscB)
c:/program files (x86)/atmel/studio/7.0/toolchain/avr8/avr8-gnu-toolchain/bin/../lib/gcc/avr/5.4.0/../../../../avr/lib/avr5\libm.a(fp_round.o)
                              c:/program files (x86)/atmel/studio/7.0/toolchain/avr8/avr8-gnu-toolchain/bin/../lib/gcc/avr/5.4.0/../../../../avr/lib/avr5\libm.a(mulsf3.o) (__fp_round)
c:/program files (x86)/atmel/studio/7.0/toolchain/avr8/avr8-gnu-toolchain/bin/../lib/gcc/avr/5.4.0/../../../../avr/lib/avr5\libm.a(fp_split3.o)
                              c:/program files (x86)/atmel/studio/7.0/toolchain/avr8/avr8-gnu-toolchain/bin/../lib/gcc/avr/5.4.0/../../../../avr/lib/avr5\libm.a(mulsf3x.o) (__fp_split3)
c:/program files (x86)/atmel/studio/7.0/toolchain/avr8/avr8-gnu-toolchain/bin/../lib/gcc/avr/5.4.0/../../../../avr/lib/avr5\libm.a(fp_zero.o)
                              c:/program files (x86)/atmel/studio/7.0/toolchain/avr8/avr8-gnu-toolchain/bin/../lib/gcc/avr/5.4.0/../../../../avr/lib/avr5\libm.a(mulsf3x.o) (__fp_szero)
c:/program files (x86)/atmel/studio/7.0/toolchain/avr8/avr8-gnu-toolchain/bin/../lib/gcc/avr/5.4.0/avr5\libgcc.a(_exit.o)
                              C:/Program Files (x86)/Atmel/Studio/7.0/Packs/atmel/ATmega_DFP/1.2.209/gcc/dev/atmega324pa/avr5/crtatmega324pa.o (exit)
c:/program files (x86)/atmel/studio/7.0/toolchain/avr8/avr8-gnu-toolchain/bin/../lib/gcc/avr/5.4.0/avr5\libgcc.a(_tablejump2.o)
                              src/DS3231/twi-lowlevel.o (__tablejump2__)
c:/program files (x86)/atmel/studio/7.0/toolchain/avr8/avr8-gnu-toolchain/bin/../lib/gcc/avr/5.4.0/avr5\libgcc.a(_copy_data.o)
                              src/ST7920/st7920.o (__do_copy_data)
c:/program files (x86)/atmel/studio/7.0/toolchain/avr8/avr8-gnu-toolchain/bin/../lib/gcc/avr/5.4.0/avr5\libgcc.a(_clear_bss.o)
                              src/MPU9250/mpu9250.o (__do_clear_bss)
c:/program files (x86)/atmel/studio/7.0/toolchain/avr8/avr8-gnu-toolchain/bin/../lib/gcc/avr/5.4.0/../../../../avr/lib/avr5\libc.a(dtostrf.o)
                              src/main.o (dtostrf)
c:/program files (x86)/atmel/studio/7.0/toolchain/avr8/avr8-gnu-toolchain/bin/../lib/gcc/avr/5.4.0/../../../../avr/lib/avr5\libc.a(sprintf.o)
                              src/main.o (sprintf)
c:/program files (x86)/atmel/studio/7.0/toolchain/avr8/avr8-gnu-toolchain/bin/../lib/gcc/avr/5.4.0/../../../../avr/lib/avr5\libc.a(vfprintf_std.o)
                              c:/program files (x86)/atmel/studio/7.0/toolchain/avr8/avr8-gnu-toolchain/bin/../lib/gcc/avr/5.4.0/../../../../avr/lib/avr5\libc.a(sprintf.o) (vfprintf)
c:/program files (x86)/atmel/studio/7.0/toolchain/avr8/avr8-gnu-toolchain/bin/../lib/gcc/avr/5.4.0/../../../../avr/lib/avr5\libc.a(dtoa_prf.o)
                              c:/program files (x86)/atmel/studio/7.0/toolchain/avr8/avr8-gnu-toolchain/bin/../lib/gcc/avr/5.4.0/../../../../avr/lib/avr5\libc.a(dtostrf.o) (dtoa_prf)
c:/program files (x86)/atmel/studio/7.0/toolchain/avr8/avr8-gnu-toolchain/bin/../lib/gcc/avr/5.4.0/../../../../avr/lib/avr5\libc.a(ftoa_engine.o)
                              c:/program files (x86)/atmel/studio/7.0/toolchain/avr8/avr8-gnu-toolchain/bin/../lib/gcc/avr/5.4.0/../../../../avr/lib/avr5\libc.a(dtoa_prf.o) (__ftoa_engine)
c:/program files (x86)/atmel/studio/7.0/toolchain/avr8/avr8-gnu-toolchain/bin/../lib/gcc/avr/5.4.0/../../../../avr/lib/avr5\libc.a(strnlen_P.o)
                              c:/program files (x86)/atmel/studio/7.0/toolchain/avr8/avr8-gnu-toolchain/bin/../lib/gcc/avr/5.4.0/../../../../avr/lib/avr5\libc.a(vfprintf_std.o) (strnlen_P)
c:/program files (x86)/atmel/studio/7.0/toolchain/avr8/avr8-gnu-toolchain/bin/../lib/gcc/avr/5.4.0/../../../../avr/lib/avr5\libc.a(strnlen.o)
                              c:/program files (x86)/atmel/studio/7.0/toolchain/avr8/avr8-gnu-toolchain/bin/../lib/gcc/avr/5.4.0/../../../../avr/lib/avr5\libc.a(vfprintf_std.o) (strnlen)
c:/program files (x86)/atmel/studio/7.0/toolchain/avr8/avr8-gnu-toolchain/bin/../lib/gcc/avr/5.4.0/../../../../avr/lib/avr5\libc.a(fputc.o)
                              c:/program files (x86)/atmel/studio/7.0/toolchain/avr8/avr8-gnu-toolchain/bin/../lib/gcc/avr/5.4.0/../../../../avr/lib/avr5\libc.a(vfprintf_std.o) (fputc)
c:/program files (x86)/atmel/studio/7.0/toolchain/avr8/avr8-gnu-toolchain/bin/../lib/gcc/avr/5.4.0/../../../../avr/lib/avr5\libc.a(ultoa_invert.o)
                              c:/program files (x86)/atmel/studio/7.0/toolchain/avr8/avr8-gnu-toolchain/bin/../lib/gcc/avr/5.4.0/../../../../avr/lib/avr5\libc.a(vfprintf_std.o) (__ultoa_invert)
c:/program files (x86)/atmel/studio/7.0/toolchain/avr8/avr8-gnu-toolchain/bin/../lib/gcc/avr/5.4.0/avr5\libgcc.a(_prologue.o)
                              c:/program files (x86)/atmel/studio/7.0/toolchain/avr8/avr8-gnu-toolchain/bin/../lib/gcc/avr/5.4.0/../../../../avr/lib/avr5\libc.a(sprintf.o) (__prologue_saves__)
c:/program files (x86)/atmel/studio/7.0/toolchain/avr8/avr8-gnu-toolchain/bin/../lib/gcc/avr/5.4.0/avr5\libgcc.a(_epilogue.o)
                              c:/program files (x86)/atmel/studio/7.0/toolchain/avr8/avr8-gnu-toolchain/bin/../lib/gcc/avr/5.4.0/../../../../avr/lib/avr5\libc.a(sprintf.o) (__epilogue_restores__)

Allocating common symbols
Common symbol       size              file

user_onRequest      0x2               src/DS3231/twi.o
gxc                 0x2               src/MPU9250/mpu9250.o
_gres               0x4               src/MPU9250/mpu9250.o
tudo5               0x7               src/main.o
usart0_data         0x1               src/main.o
gy                  0x4               src/main.o
az                  0x4               src/main.o
azc                 0x2               src/MPU9250/mpu9250.o
tudo                0x5               src/main.o
gzc                 0x2               src/MPU9250/mpu9250.o
ax                  0x4               src/main.o
tudo2               0x5               src/main.o
ayc                 0x2               src/MPU9250/mpu9250.o
myflags             0x1               src/main.o
gyc                 0x2               src/MPU9250/mpu9250.o
_ares               0x4               src/MPU9250/mpu9250.o
rxBuffer            0x20              src/DS3231/twi.o
txBuffer            0x20              src/DS3231/twi.o
gz                  0x4               src/main.o
PC_buffer           0x1e              src/main.o
tudo1               0x5               src/main.o
_tm                 0x11              src/DS3231/rtc.o
ret0                0x1               src/main.o
tudo4               0x7               src/main.o
bytemain            0x1               src/main.o
str                 0x10              src/main.o
axc                 0x2               src/MPU9250/mpu9250.o
gx                  0x4               src/main.o
ay                  0x4               src/main.o
tudo3               0x7               src/main.o
user_onReceive      0x2               src/DS3231/twi.o

Discarded input sections

 .data          0x00000000        0x0 C:/Program Files (x86)/Atmel/Studio/7.0/Packs/atmel/ATmega_DFP/1.2.209/gcc/dev/atmega324pa/avr5/crtatmega324pa.o
 .bss           0x00000000        0x0 C:/Program Files (x86)/Atmel/Studio/7.0/Packs/atmel/ATmega_DFP/1.2.209/gcc/dev/atmega324pa/avr5/crtatmega324pa.o
 .group         0x00000000        0x8 src/MPU9250/mpu9250.o
 .group         0x00000000        0x8 src/MPU9250/mpu9250.o
 .group         0x00000000        0x8 src/MPU9250/mpu9250.o
 .group         0x00000000        0x8 src/MPU9250/mpu9250.o
 .group         0x00000000        0x8 src/MPU9250/mpu9250.o
 .group         0x00000000        0x8 src/MPU9250/mpu9250.o
 .group         0x00000000        0x8 src/MPU9250/mpu9250.o
 .group         0x00000000        0x8 src/MPU9250/mpu9250.o
 .group         0x00000000        0x8 src/MPU9250/mpu9250.o
 .group         0x00000000        0x8 src/MPU9250/mpu9250.o
 .group         0x00000000        0x8 src/MPU9250/mpu9250.o
 .group         0x00000000        0x8 src/MPU9250/mpu9250.o
 .group         0x00000000        0x8 src/MPU9250/mpu9250.o
 .group         0x00000000        0x8 src/MPU9250/mpu9250.o
 .group         0x00000000        0x8 src/MPU9250/mpu9250.o
 .text          0x00000000        0x0 src/MPU9250/mpu9250.o
 .data          0x00000000        0x0 src/MPU9250/mpu9250.o
 .bss           0x00000000        0x0 src/MPU9250/mpu9250.o
 .text.readGyroxyz
                0x00000000      0x12c src/MPU9250/mpu9250.o
 .group         0x00000000        0x8 src/RFID/rfid.o
 .group         0x00000000        0x8 src/RFID/rfid.o
 .group         0x00000000        0x8 src/RFID/rfid.o
 .group         0x00000000        0x8 src/RFID/rfid.o
 .group         0x00000000        0x8 src/RFID/rfid.o
 .group         0x00000000        0x8 src/RFID/rfid.o
 .group         0x00000000        0x8 src/RFID/rfid.o
 .group         0x00000000        0x8 src/RFID/rfid.o
 .group         0x00000000        0x8 src/RFID/rfid.o
 .group         0x00000000        0x8 src/RFID/rfid.o
 .group         0x00000000        0x8 src/RFID/rfid.o
 .group         0x00000000        0x8 src/RFID/rfid.o
 .group         0x00000000        0x8 src/RFID/rfid.o
 .group         0x00000000        0x8 src/RFID/rfid.o
 .group         0x00000000        0x8 src/RFID/rfid.o
 .group         0x00000000        0x8 src/RFID/rfid.o
 .group         0x00000000        0x8 src/RFID/rfid.o
 .group         0x00000000        0x8 src/RFID/rfid.o
 .group         0x00000000        0x8 src/RFID/rfid.o
 .group         0x00000000        0x8 src/RFID/rfid.o
 .group         0x00000000        0x8 src/RFID/rfid.o
 .text          0x00000000        0x0 src/RFID/rfid.o
 .data          0x00000000        0x0 src/RFID/rfid.o
 .bss           0x00000000        0x0 src/RFID/rfid.o
 .debug_macro   0x00000000      0xa4e src/RFID/rfid.o
 .debug_macro   0x00000000       0x10 src/RFID/rfid.o
 .debug_macro   0x00000000      0x1c9 src/RFID/rfid.o
 .debug_macro   0x00000000      0x2fc src/RFID/rfid.o
 .debug_macro   0x00000000       0x9e src/RFID/rfid.o
 .debug_macro   0x00000000     0x1e74 src/RFID/rfid.o
 .debug_macro   0x00000000      0x171 src/RFID/rfid.o
 .debug_macro   0x00000000       0xbd src/RFID/rfid.o
 .debug_macro   0x00000000       0x34 src/RFID/rfid.o
 .debug_macro   0x00000000       0x18 src/RFID/rfid.o
 .debug_macro   0x00000000       0x6c src/RFID/rfid.o
 .debug_macro   0x00000000       0x10 src/RFID/rfid.o
 .group         0x00000000        0x8 src/ST7920/st7920.o
 .group         0x00000000        0x8 src/ST7920/st7920.o
 .group         0x00000000        0x8 src/ST7920/st7920.o
 .group         0x00000000        0x8 src/ST7920/st7920.o
 .group         0x00000000        0x8 src/ST7920/st7920.o
 .group         0x00000000        0x8 src/ST7920/st7920.o
 .group         0x00000000        0x8 src/ST7920/st7920.o
 .group         0x00000000        0x8 src/ST7920/st7920.o
 .group         0x00000000        0x8 src/ST7920/st7920.o
 .group         0x00000000        0x8 src/ST7920/st7920.o
 .group         0x00000000        0x8 src/ST7920/st7920.o
 .group         0x00000000        0x8 src/ST7920/st7920.o
 .group         0x00000000        0x8 src/ST7920/st7920.o
 .group         0x00000000        0x8 src/ST7920/st7920.o
 .text          0x00000000        0x0 src/ST7920/st7920.o
 .data          0x00000000        0x0 src/ST7920/st7920.o
 .bss           0x00000000        0x0 src/ST7920/st7920.o
 .text.lcd_draw
                0x00000000       0xe6 src/ST7920/st7920.o
 .rodata.myData
                0x00000000      0x400 src/ST7920/st7920.o
 .debug_macro   0x00000000      0xa4e src/ST7920/st7920.o
 .debug_macro   0x00000000       0x10 src/ST7920/st7920.o
 .debug_macro   0x00000000      0x1c9 src/ST7920/st7920.o
 .debug_macro   0x00000000      0x2fc src/ST7920/st7920.o
 .debug_macro   0x00000000       0x9e src/ST7920/st7920.o
 .debug_macro   0x00000000     0x1e74 src/ST7920/st7920.o
 .debug_macro   0x00000000      0x171 src/ST7920/st7920.o
 .debug_macro   0x00000000       0xbd src/ST7920/st7920.o
 .debug_macro   0x00000000       0x34 src/ST7920/st7920.o
 .debug_macro   0x00000000       0x18 src/ST7920/st7920.o
 .debug_macro   0x00000000       0x6c src/ST7920/st7920.o
 .debug_macro   0x00000000       0x10 src/ST7920/st7920.o
 .debug_macro   0x00000000      0x166 src/ST7920/st7920.o
 .group         0x00000000        0x8 src/ASF/common/boards/user_board/init.o
 .group         0x00000000        0x8 src/ASF/common/boards/user_board/init.o
 .group         0x00000000        0x8 src/ASF/common/boards/user_board/init.o
 .group         0x00000000        0x8 src/ASF/common/boards/user_board/init.o
 .group         0x00000000        0x8 src/ASF/common/boards/user_board/init.o
 .group         0x00000000        0x8 src/ASF/common/boards/user_board/init.o
 .group         0x00000000        0x8 src/ASF/common/boards/user_board/init.o
 .group         0x00000000        0x8 src/ASF/common/boards/user_board/init.o
 .group         0x00000000        0x8 src/ASF/common/boards/user_board/init.o
 .group         0x00000000        0x8 src/ASF/common/boards/user_board/init.o
 .group         0x00000000        0x8 src/ASF/common/boards/user_board/init.o
 .group         0x00000000        0x8 src/ASF/common/boards/user_board/init.o
 .group         0x00000000        0x8 src/ASF/common/boards/user_board/init.o
 .group         0x00000000        0x8 src/ASF/common/boards/user_board/init.o
 .group         0x00000000        0x8 src/ASF/common/boards/user_board/init.o
 .group         0x00000000        0x8 src/ASF/common/boards/user_board/init.o
 .group         0x00000000        0x8 src/ASF/common/boards/user_board/init.o
 .group         0x00000000        0x8 src/ASF/common/boards/user_board/init.o
 .group         0x00000000        0x8 src/ASF/common/boards/user_board/init.o
 .group         0x00000000        0x8 src/ASF/common/boards/user_board/init.o
 .group         0x00000000        0x8 src/ASF/common/boards/user_board/init.o
 .group         0x00000000        0x8 src/ASF/common/boards/user_board/init.o
 .group         0x00000000        0x8 src/ASF/common/boards/user_board/init.o
 .group         0x00000000        0x8 src/ASF/common/boards/user_board/init.o
 .group         0x00000000        0x8 src/ASF/common/boards/user_board/init.o
 .text          0x00000000        0x0 src/ASF/common/boards/user_board/init.o
 .data          0x00000000        0x0 src/ASF/common/boards/user_board/init.o
 .bss           0x00000000        0x0 src/ASF/common/boards/user_board/init.o
 .text.board_init
                0x00000000        0x2 src/ASF/common/boards/user_board/init.o
 .debug_info    0x00000000       0x7c src/ASF/common/boards/user_board/init.o
 .debug_abbrev  0x00000000       0x47 src/ASF/common/boards/user_board/init.o
 .debug_aranges
                0x00000000       0x20 src/ASF/common/boards/user_board/init.o
 .debug_ranges  0x00000000       0x10 src/ASF/common/boards/user_board/init.o
 .debug_macro   0x00000000      0x152 src/ASF/common/boards/user_board/init.o
 .debug_macro   0x00000000      0xa4e src/ASF/common/boards/user_board/init.o
 .debug_macro   0x00000000       0x10 src/ASF/common/boards/user_board/init.o
 .debug_macro   0x00000000      0x1c9 src/ASF/common/boards/user_board/init.o
 .debug_macro   0x00000000      0x2fc src/ASF/common/boards/user_board/init.o
 .debug_macro   0x00000000       0x9e src/ASF/common/boards/user_board/init.o
 .debug_macro   0x00000000     0x1e74 src/ASF/common/boards/user_board/init.o
 .debug_macro   0x00000000      0x171 src/ASF/common/boards/user_board/init.o
 .debug_macro   0x00000000       0xbd src/ASF/common/boards/user_board/init.o
 .debug_macro   0x00000000       0x34 src/ASF/common/boards/user_board/init.o
 .debug_macro   0x00000000       0x18 src/ASF/common/boards/user_board/init.o
 .debug_macro   0x00000000       0x6c src/ASF/common/boards/user_board/init.o
 .debug_macro   0x00000000       0x22 src/ASF/common/boards/user_board/init.o
 .debug_macro   0x00000000      0x16d src/ASF/common/boards/user_board/init.o
 .debug_macro   0x00000000       0x1c src/ASF/common/boards/user_board/init.o
 .debug_macro   0x00000000       0x35 src/ASF/common/boards/user_board/init.o
 .debug_macro   0x00000000       0x66 src/ASF/common/boards/user_board/init.o
 .debug_macro   0x00000000      0x6d7 src/ASF/common/boards/user_board/init.o
 .debug_macro   0x00000000       0x43 src/ASF/common/boards/user_board/init.o
 .debug_macro   0x00000000       0x69 src/ASF/common/boards/user_board/init.o
 .debug_macro   0x00000000       0x2b src/ASF/common/boards/user_board/init.o
 .debug_macro   0x00000000       0x10 src/ASF/common/boards/user_board/init.o
 .debug_macro   0x00000000       0xe2 src/ASF/common/boards/user_board/init.o
 .debug_macro   0x00000000       0x40 src/ASF/common/boards/user_board/init.o
 .debug_macro   0x00000000      0x100 src/ASF/common/boards/user_board/init.o
 .debug_macro   0x00000000      0x2bd src/ASF/common/boards/user_board/init.o
 .debug_line    0x00000000      0x393 src/ASF/common/boards/user_board/init.o
 .debug_str     0x00000000    0x11388 src/ASF/common/boards/user_board/init.o
 .comment       0x00000000       0x31 src/ASF/common/boards/user_board/init.o
 .debug_frame   0x00000000       0x24 src/ASF/common/boards/user_board/init.o
 .group         0x00000000        0x8 src/DS3231/rtc.o
 .group         0x00000000        0x8 src/DS3231/rtc.o
 .group         0x00000000        0x8 src/DS3231/rtc.o
 .group         0x00000000        0x8 src/DS3231/rtc.o
 .group         0x00000000        0x8 src/DS3231/rtc.o
 .group         0x00000000        0x8 src/DS3231/rtc.o
 .group         0x00000000        0x8 src/DS3231/rtc.o
 .group         0x00000000        0x8 src/DS3231/rtc.o
 .group         0x00000000        0x8 src/DS3231/rtc.o
 .group         0x00000000        0x8 src/DS3231/rtc.o
 .group         0x00000000        0x8 src/DS3231/rtc.o
 .group         0x00000000        0x8 src/DS3231/rtc.o
 .group         0x00000000        0x8 src/DS3231/rtc.o
 .text          0x00000000        0x0 src/DS3231/rtc.o
 .data          0x00000000        0x0 src/DS3231/rtc.o
 .bss           0x00000000        0x0 src/DS3231/rtc.o
 .text.dec2bcd  0x00000000       0x26 src/DS3231/rtc.o
 .text.bcd2dec  0x00000000       0x16 src/DS3231/rtc.o
 .text.rtc_read_byte
                0x00000000       0x24 src/DS3231/rtc.o
 .text.rtc_write_byte
                0x00000000       0x24 src/DS3231/rtc.o
 .text.rtc_init
                0x00000000       0x5c src/DS3231/rtc.o
 .text.rtc_is_ds1307
                0x00000000        0x6 src/DS3231/rtc.o
 .text.rtc_is_ds3231
                0x00000000        0x6 src/DS3231/rtc.o
 .text.rtc_set_ds1307
                0x00000000        0xc src/DS3231/rtc.o
 .text.rtc_set_ds3231
                0x00000000        0xc src/DS3231/rtc.o
 .text.rtc_get_time
                0x00000000      0x142 src/DS3231/rtc.o
 .text.rtc_get_time_s
                0x00000000       0xbe src/DS3231/rtc.o
 .text.rtc_set_time
                0x00000000       0x8a src/DS3231/rtc.o
 .text.rtc_set_time_s
                0x00000000       0x42 src/DS3231/rtc.o
 .text.rtc_run_clock
                0x00000000       0x26 src/DS3231/rtc.o
 .text.rtc_is_clock_running
                0x00000000       0x16 src/DS3231/rtc.o
 .text.ds3231_get_temp_int
                0x00000000       0x6a src/DS3231/rtc.o
 .text.rtc_force_temp_conversion
                0x00000000       0x6e src/DS3231/rtc.o
 .text.rtc_get_sram_byte
                0x00000000       0x26 src/DS3231/rtc.o
 .text.rtc_get_sram
                0x00000000       0x24 src/DS3231/rtc.o
 .text.rtc_set_sram_byte
                0x00000000       0x26 src/DS3231/rtc.o
 .text.rtc_set_sram
                0x00000000       0x24 src/DS3231/rtc.o
 .text.rtc_SQW_enable
                0x00000000       0x94 src/DS3231/rtc.o
 .text.rtc_SQW_set_freq
                0x00000000       0x88 src/DS3231/rtc.o
 .text.rtc_osc32kHz_enable
                0x00000000       0x50 src/DS3231/rtc.o
 .text.rtc_reset_alarm
                0x00000000       0x44 src/DS3231/rtc.o
 .text.rtc_set_alarm_s
                0x00000000       0x7c src/DS3231/rtc.o
 .text.rtc_set_alarm
                0x00000000       0x12 src/DS3231/rtc.o
 .text.rtc_get_alarm_s
                0x00000000       0x84 src/DS3231/rtc.o
 .text.rtc_get_alarm
                0x00000000       0x4a src/DS3231/rtc.o
 .text.rtc_check_alarm
                0x00000000       0x96 src/DS3231/rtc.o
 .bss.s_is_ds3231
                0x00000000        0x1 src/DS3231/rtc.o
 .bss.s_is_ds1307
                0x00000000        0x1 src/DS3231/rtc.o
 .debug_info    0x00000000     0x1502 src/DS3231/rtc.o
 .debug_abbrev  0x00000000      0x2a8 src/DS3231/rtc.o
 .debug_loc     0x00000000      0xee7 src/DS3231/rtc.o
 .debug_aranges
                0x00000000      0x108 src/DS3231/rtc.o
 .debug_ranges  0x00000000       0xf8 src/DS3231/rtc.o
 .debug_macro   0x00000000       0xc8 src/DS3231/rtc.o
 .debug_macro   0x00000000      0xa4e src/DS3231/rtc.o
 .debug_macro   0x00000000       0x10 src/DS3231/rtc.o
 .debug_macro   0x00000000      0x1c9 src/DS3231/rtc.o
 .debug_macro   0x00000000      0x2fc src/DS3231/rtc.o
 .debug_macro   0x00000000       0x9e src/DS3231/rtc.o
 .debug_macro   0x00000000     0x1e74 src/DS3231/rtc.o
 .debug_macro   0x00000000      0x171 src/DS3231/rtc.o
 .debug_macro   0x00000000       0xbd src/DS3231/rtc.o
 .debug_macro   0x00000000       0x34 src/DS3231/rtc.o
 .debug_macro   0x00000000       0x18 src/DS3231/rtc.o
 .debug_macro   0x00000000       0x6c src/DS3231/rtc.o
 .debug_macro   0x00000000       0x22 src/DS3231/rtc.o
 .debug_macro   0x00000000       0x10 src/DS3231/rtc.o
 .debug_line    0x00000000      0xb10 src/DS3231/rtc.o
 .debug_str     0x00000000     0x80b6 src/DS3231/rtc.o
 .comment       0x00000000       0x31 src/DS3231/rtc.o
 .debug_frame   0x00000000      0x380 src/DS3231/rtc.o
 COMMON         0x00000000       0x11 src/DS3231/rtc.o
 .group         0x00000000        0x8 src/DS3231/twi-lowlevel.o
 .group         0x00000000        0x8 src/DS3231/twi-lowlevel.o
 .group         0x00000000        0x8 src/DS3231/twi-lowlevel.o
 .group         0x00000000        0x8 src/DS3231/twi-lowlevel.o
 .group         0x00000000        0x8 src/DS3231/twi-lowlevel.o
 .group         0x00000000        0x8 src/DS3231/twi-lowlevel.o
 .group         0x00000000        0x8 src/DS3231/twi-lowlevel.o
 .group         0x00000000        0x8 src/DS3231/twi-lowlevel.o
 .group         0x00000000        0x8 src/DS3231/twi-lowlevel.o
 .group         0x00000000        0x8 src/DS3231/twi-lowlevel.o
 .group         0x00000000        0x8 src/DS3231/twi-lowlevel.o
 .group         0x00000000        0x8 src/DS3231/twi-lowlevel.o
 .group         0x00000000        0x8 src/DS3231/twi-lowlevel.o
 .group         0x00000000        0x8 src/DS3231/twi-lowlevel.o
 .group         0x00000000        0x8 src/DS3231/twi-lowlevel.o
 .group         0x00000000        0x8 src/DS3231/twi-lowlevel.o
 .group         0x00000000        0x8 src/DS3231/twi-lowlevel.o
 .text          0x00000000        0x0 src/DS3231/twi-lowlevel.o
 .data          0x00000000        0x0 src/DS3231/twi-lowlevel.o
 .bss           0x00000000        0x0 src/DS3231/twi-lowlevel.o
 .text.twi_init
                0x00000000       0x26 src/DS3231/twi-lowlevel.o
 .text.twi_setAddress
                0x00000000        0x8 src/DS3231/twi-lowlevel.o
 .text.twi_readFrom
                0x00000000       0x6e src/DS3231/twi-lowlevel.o
 .text.twi_writeTo
                0x00000000       0x8e src/DS3231/twi-lowlevel.o
 .text.twi_transmit
                0x00000000       0x42 src/DS3231/twi-lowlevel.o
 .text.twi_attachSlaveRxEvent
                0x00000000        0xa src/DS3231/twi-lowlevel.o
 .text.twi_attachSlaveTxEvent
                0x00000000        0xa src/DS3231/twi-lowlevel.o
 .text.twi_reply
                0x00000000       0x14 src/DS3231/twi-lowlevel.o
 .debug_macro   0x00000000      0xa4e src/DS3231/twi-lowlevel.o
 .debug_macro   0x00000000      0x166 src/DS3231/twi-lowlevel.o
 .debug_macro   0x00000000       0x1c src/DS3231/twi-lowlevel.o
 .debug_macro   0x00000000      0x10e src/DS3231/twi-lowlevel.o
 .debug_macro   0x00000000      0x1c9 src/DS3231/twi-lowlevel.o
 .debug_macro   0x00000000      0x2fc src/DS3231/twi-lowlevel.o
 .debug_macro   0x00000000     0x1e74 src/DS3231/twi-lowlevel.o
 .debug_macro   0x00000000      0x171 src/DS3231/twi-lowlevel.o
 .debug_macro   0x00000000       0xbd src/DS3231/twi-lowlevel.o
 .debug_macro   0x00000000       0x34 src/DS3231/twi-lowlevel.o
 .debug_macro   0x00000000       0x18 src/DS3231/twi-lowlevel.o
 .debug_macro   0x00000000       0x6c src/DS3231/twi-lowlevel.o
 .debug_macro   0x00000000       0x69 src/DS3231/twi-lowlevel.o
 .group         0x00000000        0x8 src/DS3231/twi.o
 .group         0x00000000        0x8 src/DS3231/twi.o
 .group         0x00000000        0x8 src/DS3231/twi.o
 .group         0x00000000        0x8 src/DS3231/twi.o
 .group         0x00000000        0x8 src/DS3231/twi.o
 .group         0x00000000        0x8 src/DS3231/twi.o
 .group         0x00000000        0x8 src/DS3231/twi.o
 .group         0x00000000        0x8 src/DS3231/twi.o
 .group         0x00000000        0x8 src/DS3231/twi.o
 .group         0x00000000        0x8 src/DS3231/twi.o
 .text          0x00000000        0x0 src/DS3231/twi.o
 .data          0x00000000        0x0 src/DS3231/twi.o
 .bss           0x00000000        0x0 src/DS3231/twi.o
 .text.onReceiveService
                0x00000000       0x58 src/DS3231/twi.o
 .text.onRequestService
                0x00000000       0x18 src/DS3231/twi.o
 .text.twi_init_master
                0x00000000       0x16 src/DS3231/twi.o
 .text.twi_init_slave
                0x00000000       0x1a src/DS3231/twi.o
 .text.twi_request_from
                0x00000000       0x1a src/DS3231/twi.o
 .text.twi_begin_transmission
                0x00000000       0x14 src/DS3231/twi.o
 .text.twi_end_transmission
                0x00000000       0x20 src/DS3231/twi.o
 .text.twi_send_byte
                0x00000000       0x4a src/DS3231/twi.o
 .text.twi_send
                0x00000000       0x40 src/DS3231/twi.o
 .text.twi_send_char
                0x00000000       0x16 src/DS3231/twi.o
 .text.twi_available
                0x00000000        0xc src/DS3231/twi.o
 .text.twi_receive
                0x00000000       0x22 src/DS3231/twi.o
 .text.twi_set_on_receive
                0x00000000        0xa src/DS3231/twi.o
 .text.twi_set_on_request
                0x00000000        0xa src/DS3231/twi.o
 .bss.transmitting
                0x00000000        0x1 src/DS3231/twi.o
 .bss.txBufferLength
                0x00000000        0x1 src/DS3231/twi.o
 .bss.txBufferIndex
                0x00000000        0x1 src/DS3231/twi.o
 .bss.txAddress
                0x00000000        0x1 src/DS3231/twi.o
 .bss.rxBufferLength
                0x00000000        0x1 src/DS3231/twi.o
 .bss.rxBufferIndex
                0x00000000        0x1 src/DS3231/twi.o
 .debug_info    0x00000000      0x54e src/DS3231/twi.o
 .debug_abbrev  0x00000000      0x1b0 src/DS3231/twi.o
 .debug_loc     0x00000000      0x2eb src/DS3231/twi.o
 .debug_aranges
                0x00000000       0x88 src/DS3231/twi.o
 .debug_ranges  0x00000000       0x78 src/DS3231/twi.o
 .debug_macro   0x00000000       0x74 src/DS3231/twi.o
 .debug_macro   0x00000000      0xa4e src/DS3231/twi.o
 .debug_macro   0x00000000       0x1c src/DS3231/twi.o
 .debug_macro   0x00000000      0x10e src/DS3231/twi.o
 .debug_macro   0x00000000       0x66 src/DS3231/twi.o
 .debug_macro   0x00000000       0x16 src/DS3231/twi.o
 .debug_macro   0x00000000       0x20 src/DS3231/twi.o
 .debug_macro   0x00000000      0x1c9 src/DS3231/twi.o
 .debug_macro   0x00000000      0x2fc src/DS3231/twi.o
 .debug_macro   0x00000000       0x3a src/DS3231/twi.o
 .debug_macro   0x00000000       0x10 src/DS3231/twi.o
 .debug_line    0x00000000      0x3b7 src/DS3231/twi.o
 .debug_str     0x00000000     0x40af src/DS3231/twi.o
 .comment       0x00000000       0x31 src/DS3231/twi.o
 .debug_frame   0x00000000      0x124 src/DS3231/twi.o
 COMMON         0x00000000       0x44 src/DS3231/twi.o
 .group         0x00000000        0x8 src/main.o
 .group         0x00000000        0x8 src/main.o
 .group         0x00000000        0x8 src/main.o
 .group         0x00000000        0x8 src/main.o
 .group         0x00000000        0x8 src/main.o
 .group         0x00000000        0x8 src/main.o
 .group         0x00000000        0x8 src/main.o
 .group         0x00000000        0x8 src/main.o
 .group         0x00000000        0x8 src/main.o
 .group         0x00000000        0x8 src/main.o
 .group         0x00000000        0x8 src/main.o
 .group         0x00000000        0x8 src/main.o
 .group         0x00000000        0x8 src/main.o
 .group         0x00000000        0x8 src/main.o
 .group         0x00000000        0x8 src/main.o
 .group         0x00000000        0x8 src/main.o
 .group         0x00000000        0x8 src/main.o
 .group         0x00000000        0x8 src/main.o
 .group         0x00000000        0x8 src/main.o
 .group         0x00000000        0x8 src/main.o
 .group         0x00000000        0x8 src/main.o
 .group         0x00000000        0x8 src/main.o
 .group         0x00000000        0x8 src/main.o
 .group         0x00000000        0x8 src/main.o
 .group         0x00000000        0x8 src/main.o
 .text          0x00000000        0x0 src/main.o
 .data          0x00000000        0x0 src/main.o
 .bss           0x00000000        0x0 src/main.o
 .debug_macro   0x00000000      0xa4e src/main.o
 .debug_macro   0x00000000       0x10 src/main.o
 .debug_macro   0x00000000      0x1c9 src/main.o
 .debug_macro   0x00000000      0x2fc src/main.o
 .debug_macro   0x00000000       0x9e src/main.o
 .debug_macro   0x00000000     0x1e74 src/main.o
 .debug_macro   0x00000000      0x171 src/main.o
 .debug_macro   0x00000000       0xbd src/main.o
 .debug_macro   0x00000000       0x34 src/main.o
 .debug_macro   0x00000000       0x18 src/main.o
 .debug_macro   0x00000000       0x6c src/main.o
 .debug_macro   0x00000000       0x10 src/main.o
 .debug_macro   0x00000000      0x166 src/main.o
 .debug_macro   0x00000000       0x69 src/main.o
 .debug_macro   0x00000000       0x58 src/main.o
 .debug_macro   0x00000000       0x10 src/main.o
 .debug_macro   0x00000000       0xf2 src/main.o
 .debug_macro   0x00000000       0x1c src/main.o
 .debug_macro   0x00000000       0x60 src/main.o
 .debug_macro   0x00000000       0xdd src/main.o
 .debug_macro   0x00000000       0xbe src/main.o
 .debug_macro   0x00000000       0xee src/main.o
 .text          0x00000000        0x0 c:/program files (x86)/atmel/studio/7.0/toolchain/avr8/avr8-gnu-toolchain/bin/../lib/gcc/avr/5.4.0/../../../../avr/lib/avr5\libm.a(floatsisf.o)
 .data          0x00000000        0x0 c:/program files (x86)/atmel/studio/7.0/toolchain/avr8/avr8-gnu-toolchain/bin/../lib/gcc/avr/5.4.0/../../../../avr/lib/avr5\libm.a(floatsisf.o)
 .bss           0x00000000        0x0 c:/program files (x86)/atmel/studio/7.0/toolchain/avr8/avr8-gnu-toolchain/bin/../lib/gcc/avr/5.4.0/../../../../avr/lib/avr5\libm.a(floatsisf.o)
 .text          0x00000000        0x0 c:/program files (x86)/atmel/studio/7.0/toolchain/avr8/avr8-gnu-toolchain/bin/../lib/gcc/avr/5.4.0/../../../../avr/lib/avr5\libm.a(mulsf3.o)
 .data          0x00000000        0x0 c:/program files (x86)/atmel/studio/7.0/toolchain/avr8/avr8-gnu-toolchain/bin/../lib/gcc/avr/5.4.0/../../../../avr/lib/avr5\libm.a(mulsf3.o)
 .bss           0x00000000        0x0 c:/program files (x86)/atmel/studio/7.0/toolchain/avr8/avr8-gnu-toolchain/bin/../lib/gcc/avr/5.4.0/../../../../avr/lib/avr5\libm.a(mulsf3.o)
 .text          0x00000000        0x0 c:/program files (x86)/atmel/studio/7.0/toolchain/avr8/avr8-gnu-toolchain/bin/../lib/gcc/avr/5.4.0/../../../../avr/lib/avr5\libm.a(mulsf3x.o)
 .data          0x00000000        0x0 c:/program files (x86)/atmel/studio/7.0/toolchain/avr8/avr8-gnu-toolchain/bin/../lib/gcc/avr/5.4.0/../../../../avr/lib/avr5\libm.a(mulsf3x.o)
 .bss           0x00000000        0x0 c:/program files (x86)/atmel/studio/7.0/toolchain/avr8/avr8-gnu-toolchain/bin/../lib/gcc/avr/5.4.0/../../../../avr/lib/avr5\libm.a(mulsf3x.o)
 .text          0x00000000        0x0 c:/program files (x86)/atmel/studio/7.0/toolchain/avr8/avr8-gnu-toolchain/bin/../lib/gcc/avr/5.4.0/../../../../avr/lib/avr5\libm.a(fp_inf.o)
 .data          0x00000000        0x0 c:/program files (x86)/atmel/studio/7.0/toolchain/avr8/avr8-gnu-toolchain/bin/../lib/gcc/avr/5.4.0/../../../../avr/lib/avr5\libm.a(fp_inf.o)
 .bss           0x00000000        0x0 c:/program files (x86)/atmel/studio/7.0/toolchain/avr8/avr8-gnu-toolchain/bin/../lib/gcc/avr/5.4.0/../../../../avr/lib/avr5\libm.a(fp_inf.o)
 .text          0x00000000        0x0 c:/program files (x86)/atmel/studio/7.0/toolchain/avr8/avr8-gnu-toolchain/bin/../lib/gcc/avr/5.4.0/../../../../avr/lib/avr5\libm.a(fp_nan.o)
 .data          0x00000000        0x0 c:/program files (x86)/atmel/studio/7.0/toolchain/avr8/avr8-gnu-toolchain/bin/../lib/gcc/avr/5.4.0/../../../../avr/lib/avr5\libm.a(fp_nan.o)
 .bss           0x00000000        0x0 c:/program files (x86)/atmel/studio/7.0/toolchain/avr8/avr8-gnu-toolchain/bin/../lib/gcc/avr/5.4.0/../../../../avr/lib/avr5\libm.a(fp_nan.o)
 .text          0x00000000        0x0 c:/program files (x86)/atmel/studio/7.0/toolchain/avr8/avr8-gnu-toolchain/bin/../lib/gcc/avr/5.4.0/../../../../avr/lib/avr5\libm.a(fp_pscA.o)
 .data          0x00000000        0x0 c:/program files (x86)/atmel/studio/7.0/toolchain/avr8/avr8-gnu-toolchain/bin/../lib/gcc/avr/5.4.0/../../../../avr/lib/avr5\libm.a(fp_pscA.o)
 .bss           0x00000000        0x0 c:/program files (x86)/atmel/studio/7.0/toolchain/avr8/avr8-gnu-toolchain/bin/../lib/gcc/avr/5.4.0/../../../../avr/lib/avr5\libm.a(fp_pscA.o)
 .text          0x00000000        0x0 c:/program files (x86)/atmel/studio/7.0/toolchain/avr8/avr8-gnu-toolchain/bin/../lib/gcc/avr/5.4.0/../../../../avr/lib/avr5\libm.a(fp_pscB.o)
 .data          0x00000000        0x0 c:/program files (x86)/atmel/studio/7.0/toolchain/avr8/avr8-gnu-toolchain/bin/../lib/gcc/avr/5.4.0/../../../../avr/lib/avr5\libm.a(fp_pscB.o)
 .bss           0x00000000        0x0 c:/program files (x86)/atmel/studio/7.0/toolchain/avr8/avr8-gnu-toolchain/bin/../lib/gcc/avr/5.4.0/../../../../avr/lib/avr5\libm.a(fp_pscB.o)
 .text          0x00000000        0x0 c:/program files (x86)/atmel/studio/7.0/toolchain/avr8/avr8-gnu-toolchain/bin/../lib/gcc/avr/5.4.0/../../../../avr/lib/avr5\libm.a(fp_round.o)
 .data          0x00000000        0x0 c:/program files (x86)/atmel/studio/7.0/toolchain/avr8/avr8-gnu-toolchain/bin/../lib/gcc/avr/5.4.0/../../../../avr/lib/avr5\libm.a(fp_round.o)
 .bss           0x00000000        0x0 c:/program files (x86)/atmel/studio/7.0/toolchain/avr8/avr8-gnu-toolchain/bin/../lib/gcc/avr/5.4.0/../../../../avr/lib/avr5\libm.a(fp_round.o)
 .text          0x00000000        0x0 c:/program files (x86)/atmel/studio/7.0/toolchain/avr8/avr8-gnu-toolchain/bin/../lib/gcc/avr/5.4.0/../../../../avr/lib/avr5\libm.a(fp_split3.o)
 .data          0x00000000        0x0 c:/program files (x86)/atmel/studio/7.0/toolchain/avr8/avr8-gnu-toolchain/bin/../lib/gcc/avr/5.4.0/../../../../avr/lib/avr5\libm.a(fp_split3.o)
 .bss           0x00000000        0x0 c:/program files (x86)/atmel/studio/7.0/toolchain/avr8/avr8-gnu-toolchain/bin/../lib/gcc/avr/5.4.0/../../../../avr/lib/avr5\libm.a(fp_split3.o)
 .text          0x00000000        0x0 c:/program files (x86)/atmel/studio/7.0/toolchain/avr8/avr8-gnu-toolchain/bin/../lib/gcc/avr/5.4.0/../../../../avr/lib/avr5\libm.a(fp_zero.o)
 .data          0x00000000        0x0 c:/program files (x86)/atmel/studio/7.0/toolchain/avr8/avr8-gnu-toolchain/bin/../lib/gcc/avr/5.4.0/../../../../avr/lib/avr5\libm.a(fp_zero.o)
 .bss           0x00000000        0x0 c:/program files (x86)/atmel/studio/7.0/toolchain/avr8/avr8-gnu-toolchain/bin/../lib/gcc/avr/5.4.0/../../../../avr/lib/avr5\libm.a(fp_zero.o)
 .text          0x00000000        0x0 c:/program files (x86)/atmel/studio/7.0/toolchain/avr8/avr8-gnu-toolchain/bin/../lib/gcc/avr/5.4.0/avr5\libgcc.a(_exit.o)
 .data          0x00000000        0x0 c:/program files (x86)/atmel/studio/7.0/toolchain/avr8/avr8-gnu-toolchain/bin/../lib/gcc/avr/5.4.0/avr5\libgcc.a(_exit.o)
 .bss           0x00000000        0x0 c:/program files (x86)/atmel/studio/7.0/toolchain/avr8/avr8-gnu-toolchain/bin/../lib/gcc/avr/5.4.0/avr5\libgcc.a(_exit.o)
 .text.libgcc.mul
                0x00000000        0x0 c:/program files (x86)/atmel/studio/7.0/toolchain/avr8/avr8-gnu-toolchain/bin/../lib/gcc/avr/5.4.0/avr5\libgcc.a(_exit.o)
 .text.libgcc.div
                0x00000000        0x0 c:/program files (x86)/atmel/studio/7.0/toolchain/avr8/avr8-gnu-toolchain/bin/../lib/gcc/avr/5.4.0/avr5\libgcc.a(_exit.o)
 .text.libgcc   0x00000000        0x0 c:/program files (x86)/atmel/studio/7.0/toolchain/avr8/avr8-gnu-toolchain/bin/../lib/gcc/avr/5.4.0/avr5\libgcc.a(_exit.o)
 .text.libgcc.prologue
                0x00000000        0x0 c:/program files (x86)/atmel/studio/7.0/toolchain/avr8/avr8-gnu-toolchain/bin/../lib/gcc/avr/5.4.0/avr5\libgcc.a(_exit.o)
 .text.libgcc.builtins
                0x00000000        0x0 c:/program files (x86)/atmel/studio/7.0/toolchain/avr8/avr8-gnu-toolchain/bin/../lib/gcc/avr/5.4.0/avr5\libgcc.a(_exit.o)
 .text.libgcc.fmul
                0x00000000        0x0 c:/program files (x86)/atmel/studio/7.0/toolchain/avr8/avr8-gnu-toolchain/bin/../lib/gcc/avr/5.4.0/avr5\libgcc.a(_exit.o)
 .text.libgcc.fixed
                0x00000000        0x0 c:/program files (x86)/atmel/studio/7.0/toolchain/avr8/avr8-gnu-toolchain/bin/../lib/gcc/avr/5.4.0/avr5\libgcc.a(_exit.o)
 .text          0x00000000        0x0 c:/program files (x86)/atmel/studio/7.0/toolchain/avr8/avr8-gnu-toolchain/bin/../lib/gcc/avr/5.4.0/avr5\libgcc.a(_tablejump2.o)
 .data          0x00000000        0x0 c:/program files (x86)/atmel/studio/7.0/toolchain/avr8/avr8-gnu-toolchain/bin/../lib/gcc/avr/5.4.0/avr5\libgcc.a(_tablejump2.o)
 .bss           0x00000000        0x0 c:/program files (x86)/atmel/studio/7.0/toolchain/avr8/avr8-gnu-toolchain/bin/../lib/gcc/avr/5.4.0/avr5\libgcc.a(_tablejump2.o)
 .text.libgcc.mul
                0x00000000        0x0 c:/program files (x86)/atmel/studio/7.0/toolchain/avr8/avr8-gnu-toolchain/bin/../lib/gcc/avr/5.4.0/avr5\libgcc.a(_tablejump2.o)
 .text.libgcc.div
                0x00000000        0x0 c:/program files (x86)/atmel/studio/7.0/toolchain/avr8/avr8-gnu-toolchain/bin/../lib/gcc/avr/5.4.0/avr5\libgcc.a(_tablejump2.o)
 .text.libgcc.prologue
                0x00000000        0x0 c:/program files (x86)/atmel/studio/7.0/toolchain/avr8/avr8-gnu-toolchain/bin/../lib/gcc/avr/5.4.0/avr5\libgcc.a(_tablejump2.o)
 .text.libgcc.builtins
                0x00000000        0x0 c:/program files (x86)/atmel/studio/7.0/toolchain/avr8/avr8-gnu-toolchain/bin/../lib/gcc/avr/5.4.0/avr5\libgcc.a(_tablejump2.o)
 .text.libgcc.fmul
                0x00000000        0x0 c:/program files (x86)/atmel/studio/7.0/toolchain/avr8/avr8-gnu-toolchain/bin/../lib/gcc/avr/5.4.0/avr5\libgcc.a(_tablejump2.o)
 .text.libgcc.fixed
                0x00000000        0x0 c:/program files (x86)/atmel/studio/7.0/toolchain/avr8/avr8-gnu-toolchain/bin/../lib/gcc/avr/5.4.0/avr5\libgcc.a(_tablejump2.o)
 .text          0x00000000        0x0 c:/program files (x86)/atmel/studio/7.0/toolchain/avr8/avr8-gnu-toolchain/bin/../lib/gcc/avr/5.4.0/avr5\libgcc.a(_copy_data.o)
 .data          0x00000000        0x0 c:/program files (x86)/atmel/studio/7.0/toolchain/avr8/avr8-gnu-toolchain/bin/../lib/gcc/avr/5.4.0/avr5\libgcc.a(_copy_data.o)
 .bss           0x00000000        0x0 c:/program files (x86)/atmel/studio/7.0/toolchain/avr8/avr8-gnu-toolchain/bin/../lib/gcc/avr/5.4.0/avr5\libgcc.a(_copy_data.o)
 .text.libgcc.mul
                0x00000000        0x0 c:/program files (x86)/atmel/studio/7.0/toolchain/avr8/avr8-gnu-toolchain/bin/../lib/gcc/avr/5.4.0/avr5\libgcc.a(_copy_data.o)
 .text.libgcc.div
                0x00000000        0x0 c:/program files (x86)/atmel/studio/7.0/toolchain/avr8/avr8-gnu-toolchain/bin/../lib/gcc/avr/5.4.0/avr5\libgcc.a(_copy_data.o)
 .text.libgcc   0x00000000        0x0 c:/program files (x86)/atmel/studio/7.0/toolchain/avr8/avr8-gnu-toolchain/bin/../lib/gcc/avr/5.4.0/avr5\libgcc.a(_copy_data.o)
 .text.libgcc.prologue
                0x00000000        0x0 c:/program files (x86)/atmel/studio/7.0/toolchain/avr8/avr8-gnu-toolchain/bin/../lib/gcc/avr/5.4.0/avr5\libgcc.a(_copy_data.o)
 .text.libgcc.builtins
                0x00000000        0x0 c:/program files (x86)/atmel/studio/7.0/toolchain/avr8/avr8-gnu-toolchain/bin/../lib/gcc/avr/5.4.0/avr5\libgcc.a(_copy_data.o)
 .text.libgcc.fmul
                0x00000000        0x0 c:/program files (x86)/atmel/studio/7.0/toolchain/avr8/avr8-gnu-toolchain/bin/../lib/gcc/avr/5.4.0/avr5\libgcc.a(_copy_data.o)
 .text.libgcc.fixed
                0x00000000        0x0 c:/program files (x86)/atmel/studio/7.0/toolchain/avr8/avr8-gnu-toolchain/bin/../lib/gcc/avr/5.4.0/avr5\libgcc.a(_copy_data.o)
 .text          0x00000000        0x0 c:/program files (x86)/atmel/studio/7.0/toolchain/avr8/avr8-gnu-toolchain/bin/../lib/gcc/avr/5.4.0/avr5\libgcc.a(_clear_bss.o)
 .data          0x00000000        0x0 c:/program files (x86)/atmel/studio/7.0/toolchain/avr8/avr8-gnu-toolchain/bin/../lib/gcc/avr/5.4.0/avr5\libgcc.a(_clear_bss.o)
 .bss           0x00000000        0x0 c:/program files (x86)/atmel/studio/7.0/toolchain/avr8/avr8-gnu-toolchain/bin/../lib/gcc/avr/5.4.0/avr5\libgcc.a(_clear_bss.o)
 .text.libgcc.mul
                0x00000000        0x0 c:/program files (x86)/atmel/studio/7.0/toolchain/avr8/avr8-gnu-toolchain/bin/../lib/gcc/avr/5.4.0/avr5\libgcc.a(_clear_bss.o)
 .text.libgcc.div
                0x00000000        0x0 c:/program files (x86)/atmel/studio/7.0/toolchain/avr8/avr8-gnu-toolchain/bin/../lib/gcc/avr/5.4.0/avr5\libgcc.a(_clear_bss.o)
 .text.libgcc   0x00000000        0x0 c:/program files (x86)/atmel/studio/7.0/toolchain/avr8/avr8-gnu-toolchain/bin/../lib/gcc/avr/5.4.0/avr5\libgcc.a(_clear_bss.o)
 .text.libgcc.prologue
                0x00000000        0x0 c:/program files (x86)/atmel/studio/7.0/toolchain/avr8/avr8-gnu-toolchain/bin/../lib/gcc/avr/5.4.0/avr5\libgcc.a(_clear_bss.o)
 .text.libgcc.builtins
                0x00000000        0x0 c:/program files (x86)/atmel/studio/7.0/toolchain/avr8/avr8-gnu-toolchain/bin/../lib/gcc/avr/5.4.0/avr5\libgcc.a(_clear_bss.o)
 .text.libgcc.fmul
                0x00000000        0x0 c:/program files (x86)/atmel/studio/7.0/toolchain/avr8/avr8-gnu-toolchain/bin/../lib/gcc/avr/5.4.0/avr5\libgcc.a(_clear_bss.o)
 .text.libgcc.fixed
                0x00000000        0x0 c:/program files (x86)/atmel/studio/7.0/toolchain/avr8/avr8-gnu-toolchain/bin/../lib/gcc/avr/5.4.0/avr5\libgcc.a(_clear_bss.o)
 .text          0x00000000        0x0 c:/program files (x86)/atmel/studio/7.0/toolchain/avr8/avr8-gnu-toolchain/bin/../lib/gcc/avr/5.4.0/../../../../avr/lib/avr5\libc.a(dtostrf.o)
 .data          0x00000000        0x0 c:/program files (x86)/atmel/studio/7.0/toolchain/avr8/avr8-gnu-toolchain/bin/../lib/gcc/avr/5.4.0/../../../../avr/lib/avr5\libc.a(dtostrf.o)
 .bss           0x00000000        0x0 c:/program files (x86)/atmel/studio/7.0/toolchain/avr8/avr8-gnu-toolchain/bin/../lib/gcc/avr/5.4.0/../../../../avr/lib/avr5\libc.a(dtostrf.o)
 .text          0x00000000        0x0 c:/program files (x86)/atmel/studio/7.0/toolchain/avr8/avr8-gnu-toolchain/bin/../lib/gcc/avr/5.4.0/../../../../avr/lib/avr5\libc.a(sprintf.o)
 .data          0x00000000        0x0 c:/program files (x86)/atmel/studio/7.0/toolchain/avr8/avr8-gnu-toolchain/bin/../lib/gcc/avr/5.4.0/../../../../avr/lib/avr5\libc.a(sprintf.o)
 .bss           0x00000000        0x0 c:/program files (x86)/atmel/studio/7.0/toolchain/avr8/avr8-gnu-toolchain/bin/../lib/gcc/avr/5.4.0/../../../../avr/lib/avr5\libc.a(sprintf.o)
 .text          0x00000000        0x0 c:/program files (x86)/atmel/studio/7.0/toolchain/avr8/avr8-gnu-toolchain/bin/../lib/gcc/avr/5.4.0/../../../../avr/lib/avr5\libc.a(vfprintf_std.o)
 .data          0x00000000        0x0 c:/program files (x86)/atmel/studio/7.0/toolchain/avr8/avr8-gnu-toolchain/bin/../lib/gcc/avr/5.4.0/../../../../avr/lib/avr5\libc.a(vfprintf_std.o)
 .bss           0x00000000        0x0 c:/program files (x86)/atmel/studio/7.0/toolchain/avr8/avr8-gnu-toolchain/bin/../lib/gcc/avr/5.4.0/../../../../avr/lib/avr5\libc.a(vfprintf_std.o)
 .text          0x00000000        0x0 c:/program files (x86)/atmel/studio/7.0/toolchain/avr8/avr8-gnu-toolchain/bin/../lib/gcc/avr/5.4.0/../../../../avr/lib/avr5\libc.a(dtoa_prf.o)
 .data          0x00000000        0x0 c:/program files (x86)/atmel/studio/7.0/toolchain/avr8/avr8-gnu-toolchain/bin/../lib/gcc/avr/5.4.0/../../../../avr/lib/avr5\libc.a(dtoa_prf.o)
 .bss           0x00000000        0x0 c:/program files (x86)/atmel/studio/7.0/toolchain/avr8/avr8-gnu-toolchain/bin/../lib/gcc/avr/5.4.0/../../../../avr/lib/avr5\libc.a(dtoa_prf.o)
 .text          0x00000000        0x0 c:/program files (x86)/atmel/studio/7.0/toolchain/avr8/avr8-gnu-toolchain/bin/../lib/gcc/avr/5.4.0/../../../../avr/lib/avr5\libc.a(ftoa_engine.o)
 .data          0x00000000        0x0 c:/program files (x86)/atmel/studio/7.0/toolchain/avr8/avr8-gnu-toolchain/bin/../lib/gcc/avr/5.4.0/../../../../avr/lib/avr5\libc.a(ftoa_engine.o)
 .bss           0x00000000        0x0 c:/program files (x86)/atmel/studio/7.0/toolchain/avr8/avr8-gnu-toolchain/bin/../lib/gcc/avr/5.4.0/../../../../avr/lib/avr5\libc.a(ftoa_engine.o)
 .text          0x00000000        0x0 c:/program files (x86)/atmel/studio/7.0/toolchain/avr8/avr8-gnu-toolchain/bin/../lib/gcc/avr/5.4.0/../../../../avr/lib/avr5\libc.a(strnlen_P.o)
 .data          0x00000000        0x0 c:/program files (x86)/atmel/studio/7.0/toolchain/avr8/avr8-gnu-toolchain/bin/../lib/gcc/avr/5.4.0/../../../../avr/lib/avr5\libc.a(strnlen_P.o)
 .bss           0x00000000        0x0 c:/program files (x86)/atmel/studio/7.0/toolchain/avr8/avr8-gnu-toolchain/bin/../lib/gcc/avr/5.4.0/../../../../avr/lib/avr5\libc.a(strnlen_P.o)
 .text          0x00000000        0x0 c:/program files (x86)/atmel/studio/7.0/toolchain/avr8/avr8-gnu-toolchain/bin/../lib/gcc/avr/5.4.0/../../../../avr/lib/avr5\libc.a(strnlen.o)
 .data          0x00000000        0x0 c:/program files (x86)/atmel/studio/7.0/toolchain/avr8/avr8-gnu-toolchain/bin/../lib/gcc/avr/5.4.0/../../../../avr/lib/avr5\libc.a(strnlen.o)
 .bss           0x00000000        0x0 c:/program files (x86)/atmel/studio/7.0/toolchain/avr8/avr8-gnu-toolchain/bin/../lib/gcc/avr/5.4.0/../../../../avr/lib/avr5\libc.a(strnlen.o)
 .text          0x00000000        0x0 c:/program files (x86)/atmel/studio/7.0/toolchain/avr8/avr8-gnu-toolchain/bin/../lib/gcc/avr/5.4.0/../../../../avr/lib/avr5\libc.a(fputc.o)
 .data          0x00000000        0x0 c:/program files (x86)/atmel/studio/7.0/toolchain/avr8/avr8-gnu-toolchain/bin/../lib/gcc/avr/5.4.0/../../../../avr/lib/avr5\libc.a(fputc.o)
 .bss           0x00000000        0x0 c:/program files (x86)/atmel/studio/7.0/toolchain/avr8/avr8-gnu-toolchain/bin/../lib/gcc/avr/5.4.0/../../../../avr/lib/avr5\libc.a(fputc.o)
 .text          0x00000000        0x0 c:/program files (x86)/atmel/studio/7.0/toolchain/avr8/avr8-gnu-toolchain/bin/../lib/gcc/avr/5.4.0/../../../../avr/lib/avr5\libc.a(ultoa_invert.o)
 .data          0x00000000        0x0 c:/program files (x86)/atmel/studio/7.0/toolchain/avr8/avr8-gnu-toolchain/bin/../lib/gcc/avr/5.4.0/../../../../avr/lib/avr5\libc.a(ultoa_invert.o)
 .bss           0x00000000        0x0 c:/program files (x86)/atmel/studio/7.0/toolchain/avr8/avr8-gnu-toolchain/bin/../lib/gcc/avr/5.4.0/../../../../avr/lib/avr5\libc.a(ultoa_invert.o)
 .text          0x00000000        0x0 c:/program files (x86)/atmel/studio/7.0/toolchain/avr8/avr8-gnu-toolchain/bin/../lib/gcc/avr/5.4.0/avr5\libgcc.a(_prologue.o)
 .data          0x00000000        0x0 c:/program files (x86)/atmel/studio/7.0/toolchain/avr8/avr8-gnu-toolchain/bin/../lib/gcc/avr/5.4.0/avr5\libgcc.a(_prologue.o)
 .bss           0x00000000        0x0 c:/program files (x86)/atmel/studio/7.0/toolchain/avr8/avr8-gnu-toolchain/bin/../lib/gcc/avr/5.4.0/avr5\libgcc.a(_prologue.o)
 .text.libgcc.mul
                0x00000000        0x0 c:/program files (x86)/atmel/studio/7.0/toolchain/avr8/avr8-gnu-toolchain/bin/../lib/gcc/avr/5.4.0/avr5\libgcc.a(_prologue.o)
 .text.libgcc.div
                0x00000000        0x0 c:/program files (x86)/atmel/studio/7.0/toolchain/avr8/avr8-gnu-toolchain/bin/../lib/gcc/avr/5.4.0/avr5\libgcc.a(_prologue.o)
 .text.libgcc   0x00000000        0x0 c:/program files (x86)/atmel/studio/7.0/toolchain/avr8/avr8-gnu-toolchain/bin/../lib/gcc/avr/5.4.0/avr5\libgcc.a(_prologue.o)
 .text.libgcc.builtins
                0x00000000        0x0 c:/program files (x86)/atmel/studio/7.0/toolchain/avr8/avr8-gnu-toolchain/bin/../lib/gcc/avr/5.4.0/avr5\libgcc.a(_prologue.o)
 .text.libgcc.fmul
                0x00000000        0x0 c:/program files (x86)/atmel/studio/7.0/toolchain/avr8/avr8-gnu-toolchain/bin/../lib/gcc/avr/5.4.0/avr5\libgcc.a(_prologue.o)
 .text.libgcc.fixed
                0x00000000        0x0 c:/program files (x86)/atmel/studio/7.0/toolchain/avr8/avr8-gnu-toolchain/bin/../lib/gcc/avr/5.4.0/avr5\libgcc.a(_prologue.o)
 .text          0x00000000        0x0 c:/program files (x86)/atmel/studio/7.0/toolchain/avr8/avr8-gnu-toolchain/bin/../lib/gcc/avr/5.4.0/avr5\libgcc.a(_epilogue.o)
 .data          0x00000000        0x0 c:/program files (x86)/atmel/studio/7.0/toolchain/avr8/avr8-gnu-toolchain/bin/../lib/gcc/avr/5.4.0/avr5\libgcc.a(_epilogue.o)
 .bss           0x00000000        0x0 c:/program files (x86)/atmel/studio/7.0/toolchain/avr8/avr8-gnu-toolchain/bin/../lib/gcc/avr/5.4.0/avr5\libgcc.a(_epilogue.o)
 .text.libgcc.mul
                0x00000000        0x0 c:/program files (x86)/atmel/studio/7.0/toolchain/avr8/avr8-gnu-toolchain/bin/../lib/gcc/avr/5.4.0/avr5\libgcc.a(_epilogue.o)
 .text.libgcc.div
                0x00000000        0x0 c:/program files (x86)/atmel/studio/7.0/toolchain/avr8/avr8-gnu-toolchain/bin/../lib/gcc/avr/5.4.0/avr5\libgcc.a(_epilogue.o)
 .text.libgcc   0x00000000        0x0 c:/program files (x86)/atmel/studio/7.0/toolchain/avr8/avr8-gnu-toolchain/bin/../lib/gcc/avr/5.4.0/avr5\libgcc.a(_epilogue.o)
 .text.libgcc.builtins
                0x00000000        0x0 c:/program files (x86)/atmel/studio/7.0/toolchain/avr8/avr8-gnu-toolchain/bin/../lib/gcc/avr/5.4.0/avr5\libgcc.a(_epilogue.o)
 .text.libgcc.fmul
                0x00000000        0x0 c:/program files (x86)/atmel/studio/7.0/toolchain/avr8/avr8-gnu-toolchain/bin/../lib/gcc/avr/5.4.0/avr5\libgcc.a(_epilogue.o)
 .text.libgcc.fixed
                0x00000000        0x0 c:/program files (x86)/atmel/studio/7.0/toolchain/avr8/avr8-gnu-toolchain/bin/../lib/gcc/avr/5.4.0/avr5\libgcc.a(_epilogue.o)

Memory Configuration

Name             Origin             Length             Attributes
text             0x00000000         0x00020000         xr
data             0x00800060         0x0000ffa0         rw !x
eeprom           0x00810000         0x00010000         rw !x
fuse             0x00820000         0x00000003         rw !x
lock             0x00830000         0x00000400         rw !x
signature        0x00840000         0x00000400         rw !x
user_signatures  0x00850000         0x00000400         rw !x
*default*        0x00000000         0xffffffff

Linker script and memory map

Address of section .data set to 0x800100
LOAD C:/Program Files (x86)/Atmel/Studio/7.0/Packs/atmel/ATmega_DFP/1.2.209/gcc/dev/atmega324pa/avr5/crtatmega324pa.o
LOAD src/MPU9250/mpu9250.o
LOAD src/RFID/rfid.o
LOAD src/ST7920/st7920.o
LOAD src/ASF/common/boards/user_board/init.o
LOAD src/DS3231/rtc.o
LOAD src/DS3231/twi-lowlevel.o
LOAD src/DS3231/twi.o
LOAD src/main.o
START GROUP
LOAD c:/program files (x86)/atmel/studio/7.0/toolchain/avr8/avr8-gnu-toolchain/bin/../lib/gcc/avr/5.4.0/../../../../avr/lib/avr5\libm.a
END GROUP
START GROUP
LOAD c:/program files (x86)/atmel/studio/7.0/toolchain/avr8/avr8-gnu-toolchain/bin/../lib/gcc/avr/5.4.0/avr5\libgcc.a
LOAD c:/program files (x86)/atmel/studio/7.0/toolchain/avr8/avr8-gnu-toolchain/bin/../lib/gcc/avr/5.4.0/../../../../avr/lib/avr5\libm.a
LOAD c:/program files (x86)/atmel/studio/7.0/toolchain/avr8/avr8-gnu-toolchain/bin/../lib/gcc/avr/5.4.0/../../../../avr/lib/avr5\libc.a
LOAD C:/Program Files (x86)/Atmel/Studio/7.0/Packs/atmel/ATmega_DFP/1.2.209/gcc/dev/atmega324pa/avr5\libatmega324pa.a
END GROUP
                0x00020000                __TEXT_REGION_LENGTH__ = DEFINED (__TEXT_REGION_LENGTH__)?__TEXT_REGION_LENGTH__:0x20000
                0x0000ffa0                __DATA_REGION_LENGTH__ = DEFINED (__DATA_REGION_LENGTH__)?__DATA_REGION_LENGTH__:0xffa0
                0x00010000                __EEPROM_REGION_LENGTH__ = DEFINED (__EEPROM_REGION_LENGTH__)?__EEPROM_REGION_LENGTH__:0x10000
                [0x00000003]                __FUSE_REGION_LENGTH__ = DEFINED (__FUSE_REGION_LENGTH__)?__FUSE_REGION_LENGTH__:0x400
                0x00000400                __LOCK_REGION_LENGTH__ = DEFINED (__LOCK_REGION_LENGTH__)?__LOCK_REGION_LENGTH__:0x400
                0x00000400                __SIGNATURE_REGION_LENGTH__ = DEFINED (__SIGNATURE_REGION_LENGTH__)?__SIGNATURE_REGION_LENGTH__:0x400
                0x00000400                __USER_SIGNATURE_REGION_LENGTH__ = DEFINED (__USER_SIGNATURE_REGION_LENGTH__)?__USER_SIGNATURE_REGION_LENGTH__:0x400

.hash
 *(.hash)

.dynsym
 *(.dynsym)

.dynstr
 *(.dynstr)

.gnu.version
 *(.gnu.version)

.gnu.version_d
 *(.gnu.version_d)

.gnu.version_r
 *(.gnu.version_r)

.rel.init
 *(.rel.init)

.rela.init
 *(.rela.init)

.rel.text
 *(.rel.text)
 *(.rel.text.*)
 *(.rel.gnu.linkonce.t*)

.rela.text
 *(.rela.text)
 *(.rela.text.*)
 *(.rela.gnu.linkonce.t*)

.rel.fini
 *(.rel.fini)

.rela.fini
 *(.rela.fini)

.rel.rodata
 *(.rel.rodata)
 *(.rel.rodata.*)
 *(.rel.gnu.linkonce.r*)

.rela.rodata
 *(.rela.rodata)
 *(.rela.rodata.*)
 *(.rela.gnu.linkonce.r*)

.rel.data
 *(.rel.data)
 *(.rel.data.*)
 *(.rel.gnu.linkonce.d*)

.rela.data
 *(.rela.data)
 *(.rela.data.*)
 *(.rela.gnu.linkonce.d*)

.rel.ctors
 *(.rel.ctors)

.rela.ctors
 *(.rela.ctors)

.rel.dtors
 *(.rel.dtors)

.rela.dtors
 *(.rela.dtors)

.rel.got
 *(.rel.got)

.rela.got
 *(.rela.got)

.rel.bss
 *(.rel.bss)

.rela.bss
 *(.rela.bss)

.rel.plt
 *(.rel.plt)

.rela.plt
 *(.rela.plt)

.text           0x00000000     0x1d20
 *(.vectors)
 .vectors       0x00000000       0x7c C:/Program Files (x86)/Atmel/Studio/7.0/Packs/atmel/ATmega_DFP/1.2.209/gcc/dev/atmega324pa/avr5/crtatmega324pa.o
                0x00000000                __vector_default
                0x00000000                __vectors
 *(.vectors)
 *(.progmem.gcc*)
 .progmem.gcc_sw_table.__vector_26
                0x0000007c      0x192 src/DS3231/twi-lowlevel.o
                0x0000020e                . = ALIGN (0x2)
                0x0000020e                __trampolines_start = .
 *(.trampolines)
 .trampolines   0x0000020e        0x0 linker stubs
 *(.trampolines*)
                0x0000020e                __trampolines_end = .
 *libprintf_flt.a:*(.progmem.data)
 *libc.a:*(.progmem.data)
 .progmem.data  0x0000020e       0xfa c:/program files (x86)/atmel/studio/7.0/toolchain/avr8/avr8-gnu-toolchain/bin/../lib/gcc/avr/5.4.0/../../../../avr/lib/avr5\libc.a(ftoa_engine.o)
 *(.progmem*)
                0x00000308                . = ALIGN (0x2)
 *(.jumptables)
 *(.jumptables*)
 *(.lowtext)
 *(.lowtext*)
                0x00000308                __ctors_start = .
 *(.ctors)
                0x00000308                __ctors_end = .
                0x00000308                __dtors_start = .
 *(.dtors)
                0x00000308                __dtors_end = .
 SORT(*)(.ctors)
 SORT(*)(.dtors)
 *(.init0)
 .init0         0x00000308        0x0 C:/Program Files (x86)/Atmel/Studio/7.0/Packs/atmel/ATmega_DFP/1.2.209/gcc/dev/atmega324pa/avr5/crtatmega324pa.o
                0x00000308                __init
 *(.init0)
 *(.init1)
 *(.init1)
 *(.init2)
 .init2         0x00000308        0xc C:/Program Files (x86)/Atmel/Studio/7.0/Packs/atmel/ATmega_DFP/1.2.209/gcc/dev/atmega324pa/avr5/crtatmega324pa.o
 *(.init2)
 *(.init3)
 *(.init3)
 *(.init4)
 .init4         0x00000314       0x16 c:/program files (x86)/atmel/studio/7.0/toolchain/avr8/avr8-gnu-toolchain/bin/../lib/gcc/avr/5.4.0/avr5\libgcc.a(_copy_data.o)
                0x00000314                __do_copy_data
 .init4         0x0000032a       0x10 c:/program files (x86)/atmel/studio/7.0/toolchain/avr8/avr8-gnu-toolchain/bin/../lib/gcc/avr/5.4.0/avr5\libgcc.a(_clear_bss.o)
                0x0000032a                __do_clear_bss
 *(.init4)
 *(.init5)
 *(.init5)
 *(.init6)
 *(.init6)
 *(.init7)
 *(.init7)
 *(.init8)
 *(.init8)
 *(.init9)
 .init9         0x0000033a        0x6 C:/Program Files (x86)/Atmel/Studio/7.0/Packs/atmel/ATmega_DFP/1.2.209/gcc/dev/atmega324pa/avr5/crtatmega324pa.o
 *(.init9)
 *(.text)
 .text          0x00000340        0x2 C:/Program Files (x86)/Atmel/Studio/7.0/Packs/atmel/ATmega_DFP/1.2.209/gcc/dev/atmega324pa/avr5/crtatmega324pa.o
                0x00000340                __vector_22
                0x00000340                __vector_28
                0x00000340                __vector_1
                0x00000340                __vector_24
                0x00000340                __vector_12
                0x00000340                __bad_interrupt
                0x00000340                __vector_6
                0x00000340                __vector_3
                0x00000340                __vector_23
                0x00000340                __vector_30
                0x00000340                __vector_25
                0x00000340                __vector_11
                0x00000340                __vector_13
                0x00000340                __vector_17
                0x00000340                __vector_19
                0x00000340                __vector_7
                0x00000340                __vector_27
                0x00000340                __vector_5
                0x00000340                __vector_4
                0x00000340                __vector_9
                0x00000340                __vector_2
                0x00000340                __vector_21
                0x00000340                __vector_15
                0x00000340                __vector_29
                0x00000340                __vector_8
                0x00000340                __vector_14
                0x00000340                __vector_10
                0x00000340                __vector_18
                0x00000342                . = ALIGN (0x2)
 *(.text.*)
 .text.i2c_start
                0x00000342       0x4e src/MPU9250/mpu9250.o
                0x00000342                i2c_start
 .text.i2c_start_wait
                0x00000390       0x50 src/MPU9250/mpu9250.o
                0x00000390                i2c_start_wait
 .text.i2c_rep_start
                0x000003e0        0x4 src/MPU9250/mpu9250.o
                0x000003e0                i2c_rep_start
 .text.i2c_stop
                0x000003e4       0x12 src/MPU9250/mpu9250.o
                0x000003e4                i2c_stop
 .text.i2c_write
                0x000003f6       0x24 src/MPU9250/mpu9250.o
                0x000003f6                i2c_write
 .text.i2c_readAck
                0x0000041a       0x16 src/MPU9250/mpu9250.o
                0x0000041a                i2c_readAck
 .text.i2c_readNak
                0x00000430       0x16 src/MPU9250/mpu9250.o
                0x00000430                i2c_readNak
 .text.readAccelxyz
                0x00000446      0x126 src/MPU9250/mpu9250.o
                0x00000446                readAccelxyz
 .text.spi_init
                0x0000056c        0xe src/RFID/rfid.o
                0x0000056c                spi_init
 .text.spi_transmit
                0x0000057a        0xc src/RFID/rfid.o
                0x0000057a                spi_transmit
 .text.mfrc522_write
                0x00000586       0x16 src/RFID/rfid.o
                0x00000586                mfrc522_write
 .text.mfrc522_reset
                0x0000059c        0x8 src/RFID/rfid.o
                0x0000059c                mfrc522_reset
 .text.mfrc522_read
                0x000005a4       0x12 src/RFID/rfid.o
                0x000005a4                mfrc522_read
 .text.mfrc522_init
                0x000005b6       0x3a src/RFID/rfid.o
                0x000005b6                mfrc522_init
 .text.mfrc522_to_card
                0x000005f0      0x22c src/RFID/rfid.o
                0x000005f0                mfrc522_to_card
 .text.mfrc522_request
                0x0000081c       0x64 src/RFID/rfid.o
                0x0000081c                mfrc522_request
 .text.mfrc522_get_card_serial
                0x00000880       0x6c src/RFID/rfid.o
                0x00000880                mfrc522_get_card_serial
 .text.ledverde
                0x000008ec       0x1c src/RFID/rfid.o
                0x000008ec                ledverde
 .text.ledvermelho
                0x00000908       0x6c src/RFID/rfid.o
                0x00000908                ledvermelho
 .text.lcd_write_byte
                0x00000974       0x2a src/ST7920/st7920.o
                0x00000974                lcd_write_byte
 .text.lcd_instruction
                0x0000099e       0x26 src/ST7920/st7920.o
                0x0000099e                lcd_instruction
 .text.lcd_data
                0x000009c4       0x26 src/ST7920/st7920.o
                0x000009c4                lcd_data
 .text.lcd_set_cursor
                0x000009ea       0x46 src/ST7920/st7920.o
                0x000009ea                lcd_set_cursor
 .text.lcd_clear
                0x00000a30       0x16 src/ST7920/st7920.o
                0x00000a30                lcd_clear
 .text.lcd_clear_graph
                0x00000a46       0x78 src/ST7920/st7920.o
                0x00000a46                lcd_clear_graph
 .text.lcd_clear_all
                0x00000abe        0x6 src/ST7920/st7920.o
                0x00000abe                lcd_clear_all
 .text.lcd_init
                0x00000ac4       0x24 src/ST7920/st7920.o
                0x00000ac4                lcd_init
 .text.lcd_send_str
                0x00000ae8       0x2e src/ST7920/st7920.o
                0x00000ae8                lcd_send_str
 .text.twi_stop
                0x00000b16       0x16 src/DS3231/twi-lowlevel.o
                0x00000b16                twi_stop
 .text.twi_releaseBus
                0x00000b2c        0xc src/DS3231/twi-lowlevel.o
                0x00000b2c                twi_releaseBus
 .text.__vector_26
                0x00000b38      0x1fa src/DS3231/twi-lowlevel.o
                0x00000b38                __vector_26
 .text.start    0x00000d32       0x7a src/main.o
                0x00000d32                start
 .text.__vector_16
                0x00000dac       0x38 src/main.o
                0x00000dac                __vector_16
 .text.__vector_20
                0x00000de4       0x2a src/main.o
                0x00000de4                __vector_20
 .text.send_PC  0x00000e0e       0x34 src/main.o
                0x00000e0e                send_PC
 .text.identificar
                0x00000e42       0x94 src/main.o
                0x00000e42                identificar
 .text.printAcelData
                0x00000ed6       0x9a src/main.o
                0x00000ed6                printAcelData
 .text.main     0x00000f70      0x172 src/main.o
                0x00000f70                main
 .text.avr-libc.fplib
                0x000010e2       0x7a c:/program files (x86)/atmel/studio/7.0/toolchain/avr8/avr8-gnu-toolchain/bin/../lib/gcc/avr/5.4.0/../../../../avr/lib/avr5\libm.a(floatsisf.o)
                0x000010e2                __floatunsisf
                0x000010e6                __floatsisf
 .text.avr-libc.fplib
                0x0000115c        0x4 c:/program files (x86)/atmel/studio/7.0/toolchain/avr8/avr8-gnu-toolchain/bin/../lib/gcc/avr/5.4.0/../../../../avr/lib/avr5\libm.a(mulsf3.o)
                0x0000115c                __mulsf3
 .text.avr-libc.fplib
                0x00001160       0xc2 c:/program files (x86)/atmel/studio/7.0/toolchain/avr8/avr8-gnu-toolchain/bin/../lib/gcc/avr/5.4.0/../../../../avr/lib/avr5\libm.a(mulsf3x.o)
                0x00001174                __mulsf3x
                0x00001178                __mulsf3_pse
 .text.avr-libc.fplib
                0x00001222        0xc c:/program files (x86)/atmel/studio/7.0/toolchain/avr8/avr8-gnu-toolchain/bin/../lib/gcc/avr/5.4.0/../../../../avr/lib/avr5\libm.a(fp_inf.o)
                0x00001222                __fp_inf
 .text.avr-libc.fplib
                0x0000122e        0x6 c:/program files (x86)/atmel/studio/7.0/toolchain/avr8/avr8-gnu-toolchain/bin/../lib/gcc/avr/5.4.0/../../../../avr/lib/avr5\libm.a(fp_nan.o)
                0x0000122e                __fp_nan
 .text.avr-libc.fplib
                0x00001234        0xe c:/program files (x86)/atmel/studio/7.0/toolchain/avr8/avr8-gnu-toolchain/bin/../lib/gcc/avr/5.4.0/../../../../avr/lib/avr5\libm.a(fp_pscA.o)
                0x00001234                __fp_pscA
 .text.avr-libc.fplib
                0x00001242        0xe c:/program files (x86)/atmel/studio/7.0/toolchain/avr8/avr8-gnu-toolchain/bin/../lib/gcc/avr/5.4.0/../../../../avr/lib/avr5\libm.a(fp_pscB.o)
                0x00001242                __fp_pscB
 .text.avr-libc.fplib
                0x00001250       0x22 c:/program files (x86)/atmel/studio/7.0/toolchain/avr8/avr8-gnu-toolchain/bin/../lib/gcc/avr/5.4.0/../../../../avr/lib/avr5\libm.a(fp_round.o)
                0x00001250                __fp_round
 .text.avr-libc.fplib
                0x00001272       0x44 c:/program files (x86)/atmel/studio/7.0/toolchain/avr8/avr8-gnu-toolchain/bin/../lib/gcc/avr/5.4.0/../../../../avr/lib/avr5\libm.a(fp_split3.o)
                0x00001272                __fp_split3
                0x00001282                __fp_splitA
 .text.avr-libc.fplib
                0x000012b6        0xe c:/program files (x86)/atmel/studio/7.0/toolchain/avr8/avr8-gnu-toolchain/bin/../lib/gcc/avr/5.4.0/../../../../avr/lib/avr5\libm.a(fp_zero.o)
                0x000012b6                __fp_zero
                0x000012b8                __fp_szero
 .text.libgcc   0x000012c4        0xc c:/program files (x86)/atmel/studio/7.0/toolchain/avr8/avr8-gnu-toolchain/bin/../lib/gcc/avr/5.4.0/avr5\libgcc.a(_tablejump2.o)
                0x000012c4                __tablejump2__
 .text.avr-libc
                0x000012d0       0x3e c:/program files (x86)/atmel/studio/7.0/toolchain/avr8/avr8-gnu-toolchain/bin/../lib/gcc/avr/5.4.0/../../../../avr/lib/avr5\libc.a(dtostrf.o)
                0x000012d0                dtostrf
 .text.avr-libc
                0x0000130e       0x3e c:/program files (x86)/atmel/studio/7.0/toolchain/avr8/avr8-gnu-toolchain/bin/../lib/gcc/avr/5.4.0/../../../../avr/lib/avr5\libc.a(sprintf.o)
                0x0000130e                sprintf
 .text.avr-libc
                0x0000134c      0x3a4 c:/program files (x86)/atmel/studio/7.0/toolchain/avr8/avr8-gnu-toolchain/bin/../lib/gcc/avr/5.4.0/../../../../avr/lib/avr5\libc.a(vfprintf_std.o)
                0x0000134c                vfprintf
 .text.avr-libc
                0x000016f0      0x2ae c:/program files (x86)/atmel/studio/7.0/toolchain/avr8/avr8-gnu-toolchain/bin/../lib/gcc/avr/5.4.0/../../../../avr/lib/avr5\libc.a(dtoa_prf.o)
                0x000016f0                dtoa_prf
 .text.avr-libc
                0x0000199e      0x1b0 c:/program files (x86)/atmel/studio/7.0/toolchain/avr8/avr8-gnu-toolchain/bin/../lib/gcc/avr/5.4.0/../../../../avr/lib/avr5\libc.a(ftoa_engine.o)
                0x0000199e                __ftoa_engine
 .text.avr-libc
                0x00001b4e       0x16 c:/program files (x86)/atmel/studio/7.0/toolchain/avr8/avr8-gnu-toolchain/bin/../lib/gcc/avr/5.4.0/../../../../avr/lib/avr5\libc.a(strnlen_P.o)
                0x00001b4e                strnlen_P
 .text.avr-libc
                0x00001b64       0x16 c:/program files (x86)/atmel/studio/7.0/toolchain/avr8/avr8-gnu-toolchain/bin/../lib/gcc/avr/5.4.0/../../../../avr/lib/avr5\libc.a(strnlen.o)
                0x00001b64                strnlen
 .text.avr-libc
                0x00001b7a       0x78 c:/program files (x86)/atmel/studio/7.0/toolchain/avr8/avr8-gnu-toolchain/bin/../lib/gcc/avr/5.4.0/../../../../avr/lib/avr5\libc.a(fputc.o)
                0x00001b7a                fputc
 .text.avr-libc
                0x00001bf2       0xbc c:/program files (x86)/atmel/studio/7.0/toolchain/avr8/avr8-gnu-toolchain/bin/../lib/gcc/avr/5.4.0/../../../../avr/lib/avr5\libc.a(ultoa_invert.o)
                0x00001bf2                __ultoa_invert
 .text.libgcc.prologue
                0x00001cae       0x38 c:/program files (x86)/atmel/studio/7.0/toolchain/avr8/avr8-gnu-toolchain/bin/../lib/gcc/avr/5.4.0/avr5\libgcc.a(_prologue.o)
                0x00001cae                __prologue_saves__
 .text.libgcc.prologue
                0x00001ce6       0x36 c:/program files (x86)/atmel/studio/7.0/toolchain/avr8/avr8-gnu-toolchain/bin/../lib/gcc/avr/5.4.0/avr5\libgcc.a(_epilogue.o)
                0x00001ce6                __epilogue_restores__
                0x00001d1c                . = ALIGN (0x2)
 *(.fini9)
 .fini9         0x00001d1c        0x0 c:/program files (x86)/atmel/studio/7.0/toolchain/avr8/avr8-gnu-toolchain/bin/../lib/gcc/avr/5.4.0/avr5\libgcc.a(_exit.o)
                0x00001d1c                _exit
                0x00001d1c                exit
 *(.fini9)
 *(.fini8)
 *(.fini8)
 *(.fini7)
 *(.fini7)
 *(.fini6)
 *(.fini6)
 *(.fini5)
 *(.fini5)
 *(.fini4)
 *(.fini4)
 *(.fini3)
 *(.fini3)
 *(.fini2)
 *(.fini2)
 *(.fini1)
 *(.fini1)
 *(.fini0)
 .fini0         0x00001d1c        0x4 c:/program files (x86)/atmel/studio/7.0/toolchain/avr8/avr8-gnu-toolchain/bin/../lib/gcc/avr/5.4.0/avr5\libgcc.a(_exit.o)
 *(.fini0)
                0x00001d20                _etext = .

.data           0x00800100      0x102 load address 0x00001d20
                0x00800100                PROVIDE (__data_start, .)
 *(.data)
 *(.data*)
 *(.gnu.linkonce.d*)
 *(.rodata)
 *(.rodata*)
 .rodata.str1.1
                0x00800100      0x102 src/main.o
                                0x111 (size before relaxing)
 *(.gnu.linkonce.r*)
                0x00800202                . = ALIGN (0x2)
                0x00800202                _edata = .
                0x00800202                PROVIDE (__data_end, .)

.bss            0x00800202       0xef
                0x00800202                PROVIDE (__bss_start, .)
 *(.bss)
 *(.bss*)
 .bss.twi_error
                0x00800202        0x1 src/DS3231/twi-lowlevel.o
 .bss.twi_rxBufferIndex
                0x00800203        0x1 src/DS3231/twi-lowlevel.o
 .bss.twi_rxBuffer
                0x00800204       0x20 src/DS3231/twi-lowlevel.o
 .bss.twi_txBufferLength
                0x00800224        0x1 src/DS3231/twi-lowlevel.o
 .bss.twi_txBufferIndex
                0x00800225        0x1 src/DS3231/twi-lowlevel.o
 .bss.twi_txBuffer
                0x00800226       0x20 src/DS3231/twi-lowlevel.o
 .bss.twi_masterBufferLength
                0x00800246        0x1 src/DS3231/twi-lowlevel.o
 .bss.twi_masterBufferIndex
                0x00800247        0x1 src/DS3231/twi-lowlevel.o
 .bss.twi_masterBuffer
                0x00800248       0x20 src/DS3231/twi-lowlevel.o
 .bss.twi_onSlaveReceive
                0x00800268        0x2 src/DS3231/twi-lowlevel.o
 .bss.twi_onSlaveTransmit
                0x0080026a        0x2 src/DS3231/twi-lowlevel.o
 .bss.twi_slarw
                0x0080026c        0x1 src/DS3231/twi-lowlevel.o
 .bss.twi_state
                0x0080026d        0x1 src/DS3231/twi-lowlevel.o
 .bss.cont      0x0080026e        0x1 src/main.o
                0x0080026e                cont
 *(COMMON)
 COMMON         0x0080026f       0x14 src/MPU9250/mpu9250.o
                0x0080026f                gxc
                0x00800271                _gres
                0x00800275                azc
                0x00800277                gzc
                0x00800279                ayc
                0x0080027b                gyc
                0x0080027d                _ares
                0x00800281                axc
 COMMON         0x00800283       0x6e src/main.o
                0x00800283                tudo5
                0x0080028a                usart0_data
                0x0080028b                gy
                0x0080028f                az
                0x00800293                tudo
                0x00800298                ax
                0x0080029c                tudo2
                0x008002a1                myflags
                0x008002a2                gz
                0x008002a6                PC_buffer
                0x008002c4                tudo1
                0x008002c9                ret0
                0x008002ca                tudo4
                0x008002d1                bytemain
                0x008002d2                str
                0x008002e2                gx
                0x008002e6                ay
                0x008002ea                tudo3
                0x008002f1                PROVIDE (__bss_end, .)
                0x00001d20                __data_load_start = LOADADDR (.data)
                0x00001e22                __data_load_end = (__data_load_start + SIZEOF (.data))

.noinit         0x008002f1        0x0
                [!provide]                PROVIDE (__noinit_start, .)
 *(.noinit*)
                [!provide]                PROVIDE (__noinit_end, .)
                0x008002f1                _end = .
                [!provide]                PROVIDE (__heap_start, .)

.eeprom         0x00810000        0x0
 *(.eeprom*)
                0x00810000                __eeprom_end = .

.fuse
 *(.fuse)
 *(.lfuse)
 *(.hfuse)
 *(.efuse)

.lock
 *(.lock*)

.signature
 *(.signature*)

.user_signatures
 *(.user_signatures*)

.stab
 *(.stab)

.stabstr
 *(.stabstr)

.stab.excl
 *(.stab.excl)

.stab.exclstr
 *(.stab.exclstr)

.stab.index
 *(.stab.index)

.stab.indexstr
 *(.stab.indexstr)

.comment        0x00000000       0x5c
 *(.comment)
 .comment       0x00000000       0x30 src/MPU9250/mpu9250.o
                                 0x31 (size before relaxing)
 .comment       0x00000030       0x31 src/RFID/rfid.o
 .comment       0x00000030       0x31 src/ST7920/st7920.o
 .comment       0x00000030       0x31 src/DS3231/twi-lowlevel.o
 .comment       0x00000030       0x31 src/main.o
 .comment       0x00000030       0x31 c:/program files (x86)/atmel/studio/7.0/toolchain/avr8/avr8-gnu-toolchain/bin/../lib/gcc/avr/5.4.0/../../../../avr/lib/avr5\libc.a(dtostrf.o)
 .comment       0x00000030       0x31 c:/program files (x86)/atmel/studio/7.0/toolchain/avr8/avr8-gnu-toolchain/bin/../lib/gcc/avr/5.4.0/../../../../avr/lib/avr5\libc.a(sprintf.o)
 .comment       0x00000030       0x2c c:/program files (x86)/atmel/studio/7.0/toolchain/avr8/avr8-gnu-toolchain/bin/../lib/gcc/avr/5.4.0/../../../../avr/lib/avr5\libc.a(vfprintf_std.o)
                                 0x2d (size before relaxing)
 .comment       0x0000005c       0x31 c:/program files (x86)/atmel/studio/7.0/toolchain/avr8/avr8-gnu-toolchain/bin/../lib/gcc/avr/5.4.0/../../../../avr/lib/avr5\libc.a(dtoa_prf.o)
 .comment       0x0000005c       0x31 c:/program files (x86)/atmel/studio/7.0/toolchain/avr8/avr8-gnu-toolchain/bin/../lib/gcc/avr/5.4.0/../../../../avr/lib/avr5\libc.a(fputc.o)

.note.gnu.avr.deviceinfo
                0x00000000       0x40
 .note.gnu.avr.deviceinfo
                0x00000000       0x40 C:/Program Files (x86)/Atmel/Studio/7.0/Packs/atmel/ATmega_DFP/1.2.209/gcc/dev/atmega324pa/avr5/crtatmega324pa.o

.note.gnu.build-id
 *(.note.gnu.build-id)

.debug
 *(.debug)

.line
 *(.line)

.debug_srcinfo
 *(.debug_srcinfo)

.debug_sfnames
 *(.debug_sfnames)

.debug_aranges  0x00000000      0x1f8
 *(.debug_aranges)
 .debug_aranges
                0x00000000       0x60 src/MPU9250/mpu9250.o
 .debug_aranges
                0x00000060       0x70 src/RFID/rfid.o
 .debug_aranges
                0x000000d0       0x68 src/ST7920/st7920.o
 .debug_aranges
                0x00000138       0x70 src/DS3231/twi-lowlevel.o
 .debug_aranges
                0x000001a8       0x50 src/main.o

.debug_pubnames
 *(.debug_pubnames)

.debug_info     0x00000000     0x2a6d
 *(.debug_info .gnu.linkonce.wi.*)
 .debug_info    0x00000000      0x6cc C:/Program Files (x86)/Atmel/Studio/7.0/Packs/atmel/ATmega_DFP/1.2.209/gcc/dev/atmega324pa/avr5/crtatmega324pa.o
 .debug_info    0x000006cc      0x408 src/MPU9250/mpu9250.o
 .debug_info    0x00000ad4      0x888 src/RFID/rfid.o
 .debug_info    0x0000135c      0x6a4 src/ST7920/st7920.o
 .debug_info    0x00001a00      0x574 src/DS3231/twi-lowlevel.o
 .debug_info    0x00001f74      0xaf9 src/main.o

.debug_abbrev   0x00000000      0xf4c
 *(.debug_abbrev)
 .debug_abbrev  0x00000000      0x66e C:/Program Files (x86)/Atmel/Studio/7.0/Packs/atmel/ATmega_DFP/1.2.209/gcc/dev/atmega324pa/avr5/crtatmega324pa.o
 .debug_abbrev  0x0000066e      0x166 src/MPU9250/mpu9250.o
 .debug_abbrev  0x000007d4      0x1cc src/RFID/rfid.o
 .debug_abbrev  0x000009a0      0x1ef src/ST7920/st7920.o
 .debug_abbrev  0x00000b8f      0x1c8 src/DS3231/twi-lowlevel.o
 .debug_abbrev  0x00000d57      0x1f5 src/main.o

.debug_line     0x00000000     0x2140
 *(.debug_line .debug_line.* .debug_line_end)
 .debug_line    0x00000000      0x151 C:/Program Files (x86)/Atmel/Studio/7.0/Packs/atmel/ATmega_DFP/1.2.209/gcc/dev/atmega324pa/avr5/crtatmega324pa.o
 .debug_line    0x00000151      0x620 src/MPU9250/mpu9250.o
 .debug_line    0x00000771      0x69e src/RFID/rfid.o
 .debug_line    0x00000e0f      0x587 src/ST7920/st7920.o
 .debug_line    0x00001396      0x6f1 src/DS3231/twi-lowlevel.o
 .debug_line    0x00001a87      0x6b9 src/main.o

.debug_frame    0x00000000      0x5dc
 *(.debug_frame)
 .debug_frame   0x00000000      0x128 src/MPU9250/mpu9250.o
 .debug_frame   0x00000128      0x16c src/RFID/rfid.o
 .debug_frame   0x00000294      0x140 src/ST7920/st7920.o
 .debug_frame   0x000003d4      0x10c src/DS3231/twi-lowlevel.o
 .debug_frame   0x000004e0       0xfc src/main.o

.debug_str      0x00000000     0x9df5
 *(.debug_str)
 .debug_str     0x00000000      0x255 C:/Program Files (x86)/Atmel/Studio/7.0/Packs/atmel/ATmega_DFP/1.2.209/gcc/dev/atmega324pa/avr5/crtatmega324pa.o
 .debug_str     0x00000255     0x8641 src/MPU9250/mpu9250.o
                               0x871d (size before relaxing)
 .debug_str     0x00008896      0xc1b src/RFID/rfid.o
                               0x8d60 (size before relaxing)
 .debug_str     0x000094b1      0x297 src/ST7920/st7920.o
                               0x83b9 (size before relaxing)
 .debug_str     0x00009748      0x5d6 src/DS3231/twi-lowlevel.o
                               0x8d06 (size before relaxing)
 .debug_str     0x00009d1e       0xd7 src/main.o
                               0x98c5 (size before relaxing)

.debug_loc      0x00000000     0x1d7d
 *(.debug_loc)
 .debug_loc     0x00000000      0x72f src/MPU9250/mpu9250.o
 .debug_loc     0x0000072f      0x887 src/RFID/rfid.o
 .debug_loc     0x00000fb6      0x60e src/ST7920/st7920.o
 .debug_loc     0x000015c4      0x4c6 src/DS3231/twi-lowlevel.o
 .debug_loc     0x00001a8a      0x2f3 src/main.o

.debug_macinfo
 *(.debug_macinfo)

.debug_weaknames
 *(.debug_weaknames)

.debug_funcnames
 *(.debug_funcnames)

.debug_typenames
 *(.debug_typenames)

.debug_varnames
 *(.debug_varnames)

.debug_pubtypes
 *(.debug_pubtypes)

.debug_ranges   0x00000000      0x1a8
 *(.debug_ranges)
 .debug_ranges  0x00000000       0x50 src/MPU9250/mpu9250.o
 .debug_ranges  0x00000050       0x60 src/RFID/rfid.o
 .debug_ranges  0x000000b0       0x58 src/ST7920/st7920.o
 .debug_ranges  0x00000108       0x60 src/DS3231/twi-lowlevel.o
 .debug_ranges  0x00000168       0x40 src/main.o

.debug_macro    0x00000000     0x428b
 *(.debug_macro)
 .debug_macro   0x00000000       0xd1 src/MPU9250/mpu9250.o
 .debug_macro   0x000000d1      0xa4e src/MPU9250/mpu9250.o
 .debug_macro   0x00000b1f       0x10 src/MPU9250/mpu9250.o
 .debug_macro   0x00000b2f      0x1c9 src/MPU9250/mpu9250.o
 .debug_macro   0x00000cf8      0x2fc src/MPU9250/mpu9250.o
 .debug_macro   0x00000ff4       0x9e src/MPU9250/mpu9250.o
 .debug_macro   0x00001092     0x1e74 src/MPU9250/mpu9250.o
 .debug_macro   0x00002f06      0x171 src/MPU9250/mpu9250.o
 .debug_macro   0x00003077       0xbd src/MPU9250/mpu9250.o
 .debug_macro   0x00003134       0x34 src/MPU9250/mpu9250.o
 .debug_macro   0x00003168       0x18 src/MPU9250/mpu9250.o
 .debug_macro   0x00003180       0x6c src/MPU9250/mpu9250.o
 .debug_macro   0x000031ec       0xd7 src/MPU9250/mpu9250.o
 .debug_macro   0x000032c3       0xbe src/MPU9250/mpu9250.o
 .debug_macro   0x00003381       0x10 src/MPU9250/mpu9250.o
 .debug_macro   0x00003391      0x166 src/MPU9250/mpu9250.o
 .debug_macro   0x000034f7       0xef src/RFID/rfid.o
 .debug_macro   0x000035e6       0x1c src/RFID/rfid.o
 .debug_macro   0x00003602      0x10e src/RFID/rfid.o
 .debug_macro   0x00003710       0x66 src/RFID/rfid.o
 .debug_macro   0x00003776       0x58 src/RFID/rfid.o
 .debug_macro   0x000037ce       0x10 src/RFID/rfid.o
 .debug_macro   0x000037de       0x20 src/RFID/rfid.o
 .debug_macro   0x000037fe       0xf2 src/RFID/rfid.o
 .debug_macro   0x000038f0      0x160 src/RFID/rfid.o
 .debug_macro   0x00003a50       0xee src/RFID/rfid.o
 .debug_macro   0x00003b3e       0xc2 src/ST7920/st7920.o
 .debug_macro   0x00003c00       0xa0 src/ST7920/st7920.o
 .debug_macro   0x00003ca0       0xd3 src/DS3231/twi-lowlevel.o
 .debug_macro   0x00003d73       0x60 src/DS3231/twi-lowlevel.o
 .debug_macro   0x00003dd3       0xaa src/DS3231/twi-lowlevel.o
 .debug_macro   0x00003e7d       0xdd src/DS3231/twi-lowlevel.o
 .debug_macro   0x00003f5a       0x3a src/DS3231/twi-lowlevel.o
 .debug_macro   0x00003f94      0x123 src/main.o
 .debug_macro   0x000040b7       0x97 src/main.o
 .debug_macro   0x0000414e       0x97 src/main.o
 .debug_macro   0x000041e5       0xa6 src/main.o
OUTPUT(v1.0.elf elf32-avr)
LOAD linker stubs
